Archive member included because of file (symbol)

d:/gnu/4_8/bin/../lib/gcc/arm-none-eabi/4.8.3/armv7-m\libgcc.a(_arm_addsubdf3.o)
                              ./obj/BLDC.o (__aeabi_ui2d)
d:/gnu/4_8/bin/../lib/gcc/arm-none-eabi/4.8.3/armv7-m\libgcc.a(_arm_muldivdf3.o)
                              ./obj/BLDC.o (__aeabi_dmul)
d:/gnu/4_8/bin/../lib/gcc/arm-none-eabi/4.8.3/armv7-m\libgcc.a(_arm_fixdfsi.o)
                              ./obj/BLDC.o (__aeabi_d2iz)
d:/gnu/4_8/bin/../lib/gcc/arm-none-eabi/4.8.3/armv7-m\libgcc.a(_arm_addsubsf3.o)
                              ./obj/lpc17xx_systick.o (__aeabi_ui2f)
d:/gnu/4_8/bin/../lib/gcc/arm-none-eabi/4.8.3/armv7-m\libgcc.a(_arm_cmpsf2.o)
                              ./obj/lpc17xx_systick.o (__aeabi_fcmplt)
d:/gnu/4_8/bin/../lib/gcc/arm-none-eabi/4.8.3/../../../../arm-none-eabi/lib/armv7-m\libc.a(lib_a-atof.o)
                              ./obj/UART_ProcessData.o (atof)
d:/gnu/4_8/bin/../lib/gcc/arm-none-eabi/4.8.3/../../../../arm-none-eabi/lib/armv7-m\libc.a(lib_a-atoi.o)
                              ./obj/UART_ProcessData.o (atoi)
d:/gnu/4_8/bin/../lib/gcc/arm-none-eabi/4.8.3/../../../../arm-none-eabi/lib/armv7-m\libc.a(lib_a-memcpy.o)
                              ./obj/UART_ProcessData.o (memcpy)
d:/gnu/4_8/bin/../lib/gcc/arm-none-eabi/4.8.3/../../../../arm-none-eabi/lib/armv7-m\libc.a(lib_a-puts.o)
                              ./obj/UART_ProcessData.o (puts)
d:/gnu/4_8/bin/../lib/gcc/arm-none-eabi/4.8.3/../../../../arm-none-eabi/lib/armv7-m\libc.a(lib_a-strchr.o)
                              ./obj/UART_ProcessData.o (strchr)
d:/gnu/4_8/bin/../lib/gcc/arm-none-eabi/4.8.3/../../../../arm-none-eabi/lib/armv7-m\libc.a(lib_a-strcmp.o)
                              ./obj/UART_ProcessData.o (strcmp)
d:/gnu/4_8/bin/../lib/gcc/arm-none-eabi/4.8.3/../../../../arm-none-eabi/lib/armv7-m\libc.a(lib_a-strlen.o)
                              ./obj/UART_ProcessData.o (strlen)
d:/gnu/4_8/bin/../lib/gcc/arm-none-eabi/4.8.3/../../../../arm-none-eabi/lib/armv7-m\libc.a(lib_a-strncpy.o)
                              ./obj/UART_ProcessData.o (strncpy)
d:/gnu/4_8/bin/../lib/gcc/arm-none-eabi/4.8.3/../../../../arm-none-eabi/lib/armv7-m\libc.a(lib_a-strtod.o)
                              d:/gnu/4_8/bin/../lib/gcc/arm-none-eabi/4.8.3/../../../../arm-none-eabi/lib/armv7-m\libc.a(lib_a-atof.o) (strtod)
d:/gnu/4_8/bin/../lib/gcc/arm-none-eabi/4.8.3/../../../../arm-none-eabi/lib/armv7-m\libc.a(lib_a-strtol.o)
                              d:/gnu/4_8/bin/../lib/gcc/arm-none-eabi/4.8.3/../../../../arm-none-eabi/lib/armv7-m\libc.a(lib_a-atoi.o) (_strtol_r)
d:/gnu/4_8/bin/../lib/gcc/arm-none-eabi/4.8.3/../../../../arm-none-eabi/lib/armv7-m\libc.a(lib_a-ctype_.o)
                              d:/gnu/4_8/bin/../lib/gcc/arm-none-eabi/4.8.3/../../../../arm-none-eabi/lib/armv7-m\libc.a(lib_a-strtol.o) (__ctype_ptr__)
d:/gnu/4_8/bin/../lib/gcc/arm-none-eabi/4.8.3/../../../../arm-none-eabi/lib/armv7-m\libc.a(lib_a-fvwrite.o)
                              d:/gnu/4_8/bin/../lib/gcc/arm-none-eabi/4.8.3/../../../../arm-none-eabi/lib/armv7-m\libc.a(lib_a-puts.o) (__sfvwrite_r)
d:/gnu/4_8/bin/../lib/gcc/arm-none-eabi/4.8.3/../../../../arm-none-eabi/lib/armv7-m\libc.a(lib_a-gdtoa-gethex.o)
                              d:/gnu/4_8/bin/../lib/gcc/arm-none-eabi/4.8.3/../../../../arm-none-eabi/lib/armv7-m\libc.a(lib_a-strtod.o) (__gethex)
d:/gnu/4_8/bin/../lib/gcc/arm-none-eabi/4.8.3/../../../../arm-none-eabi/lib/armv7-m\libc.a(lib_a-gdtoa-hexnan.o)
                              d:/gnu/4_8/bin/../lib/gcc/arm-none-eabi/4.8.3/../../../../arm-none-eabi/lib/armv7-m\libc.a(lib_a-strtod.o) (__hexnan)
d:/gnu/4_8/bin/../lib/gcc/arm-none-eabi/4.8.3/../../../../arm-none-eabi/lib/armv7-m\libc.a(lib_a-impure.o)
                              d:/gnu/4_8/bin/../lib/gcc/arm-none-eabi/4.8.3/../../../../arm-none-eabi/lib/armv7-m\libc.a(lib_a-puts.o) (_impure_ptr)
d:/gnu/4_8/bin/../lib/gcc/arm-none-eabi/4.8.3/../../../../arm-none-eabi/lib/armv7-m\libc.a(lib_a-locale.o)
                              d:/gnu/4_8/bin/../lib/gcc/arm-none-eabi/4.8.3/../../../../arm-none-eabi/lib/armv7-m\libc.a(lib_a-strtod.o) (_localeconv_r)
d:/gnu/4_8/bin/../lib/gcc/arm-none-eabi/4.8.3/../../../../arm-none-eabi/lib/armv7-m\libc.a(lib_a-mallocr.o)
                              d:/gnu/4_8/bin/../lib/gcc/arm-none-eabi/4.8.3/../../../../arm-none-eabi/lib/armv7-m\libc.a(lib_a-fvwrite.o) (_malloc_r)
d:/gnu/4_8/bin/../lib/gcc/arm-none-eabi/4.8.3/../../../../arm-none-eabi/lib/armv7-m\libc.a(lib_a-memchr-stub.o)
                              d:/gnu/4_8/bin/../lib/gcc/arm-none-eabi/4.8.3/../../../../arm-none-eabi/lib/armv7-m\libc.a(lib_a-fvwrite.o) (memchr)
d:/gnu/4_8/bin/../lib/gcc/arm-none-eabi/4.8.3/../../../../arm-none-eabi/lib/armv7-m\libc.a(lib_a-memmove.o)
                              d:/gnu/4_8/bin/../lib/gcc/arm-none-eabi/4.8.3/../../../../arm-none-eabi/lib/armv7-m\libc.a(lib_a-fvwrite.o) (memmove)
[...]
Memory Configuration

Name             Origin             Length             Attributes
rom              0x00000000         0x00080000         xr
ram              0x10000000         0x00008000         xrw
ram1             0x2007c000         0x00004000         xrw
ram2             0x20080000         0x00004000         xrw
*default*        0x00000000         0xffffffff

Linker script and memory map

LOAD ./obj/crp.o
LOAD ./obj/system_LPC17xx.o
LOAD ./obj/core_cm3.o
LOAD ./obj/debug_frmwrk.o
LOAD ./obj/lpc17xx_adc.o
LOAD ./obj/lpc17xx_can.o
LOAD ./obj/lpc17xx_clkpwr.o
LOAD ./obj/lpc17xx_dac.o
LOAD ./obj/lpc17xx_emac.o
LOAD ./obj/lpc17xx_exti.o
LOAD ./obj/lpc17xx_gpdma.o
LOAD ./obj/lpc17xx_gpio.o
LOAD ./obj/lpc17xx_i2c.o
LOAD ./obj/lpc17xx_i2s.o
LOAD ./obj/lpc17xx_libcfg_default.o
LOAD ./obj/lpc17xx_mcpwm.o
LOAD ./obj/lpc17xx_nvic.o
LOAD ./obj/lpc17xx_pinsel.o
LOAD ./obj/lpc17xx_pwm.o
LOAD ./obj/lpc17xx_qei.o
LOAD ./obj/lpc17xx_rit.o
LOAD ./obj/lpc17xx_rtc.o
LOAD ./obj/lpc17xx_spi.o
LOAD ./obj/lpc17xx_ssp.o
LOAD ./obj/lpc17xx_systick.o
LOAD ./obj/lpc17xx_timer.o
LOAD ./obj/lpc17xx_uart.o
LOAD ./obj/lpc17xx_wdt.o
LOAD ./obj/Main.o
LOAD ./obj/serial.o
LOAD ./obj/cdcuser.o
LOAD ./obj/usbcore.o
LOAD ./obj/usbdesc.o
LOAD ./obj/usbhw.o
LOAD ./obj/usbuser.o
LOAD ./obj/BLDC.o
LOAD ./obj/PID.o
LOAD ./obj/UART_ProcessData.o
LOAD ./obj/L1754adc.o
LOAD ./obj/t_table.o
LOAD ./obj/inter_volatile.o
LOAD ./obj/startup_LPC17xx.o
LOAD d:/gnu/4_8/bin/../lib/gcc/arm-none-eabi/4.8.3/../../../../arm-none-eabi/lib/armv7-m\libstdc++.a
LOAD d:/gnu/4_8/bin/../lib/gcc/arm-none-eabi/4.8.3/../../../../arm-none-eabi/lib/armv7-m\libm.a
START GROUP
LOAD d:/gnu/4_8/bin/../lib/gcc/arm-none-eabi/4.8.3/armv7-m\libgcc.a
LOAD d:/gnu/4_8/bin/../lib/gcc/arm-none-eabi/4.8.3/../../../../arm-none-eabi/lib/armv7-m\libc.a
END GROUP
START GROUP
LOAD d:/gnu/4_8/bin/../lib/gcc/arm-none-eabi/4.8.3/armv7-m\libgcc.a
LOAD d:/gnu/4_8/bin/../lib/gcc/arm-none-eabi/4.8.3/../../../../arm-none-eabi/lib/armv7-m\libc.a
END GROUP
                0x10008000                PROVIDE (__cs3_stack, (__cs3_region_start_ram + __cs3_region_size_ram))
                0x20007f90                PROVIDE (__cs3_stack_size, ((__cs3_region_start_ram + __cs3_region_size_ram) - _end))
                0x10000c00                PROVIDE (__cs3_heap_start, _end)
                0x10008000                PROVIDE (__cs3_heap_end, (__cs3_region_start_ram + __cs3_region_size_ram))

.text           0x00000000     0x2980
 FILL mask 0xff
 CREATE_OBJECT_SYMBOLS
                0x00000000                __cs3_region_start_rom = .
 *(.cs3.region-head.rom)
                0x00000000                __cs3_interrupt_vector = __cs3_interrupt_vector_cortex_m
 *(.cs3.interrupt_vector)
 .cs3.interrupt_vector
                0x00000000       0xcc ./obj/startup_LPC17xx.o
                0x00000000                __cs3_interrupt_vector_cortex_m
                0x00000001                ASSERT ((. != __cs3_interrupt_vector_cortex_m), No interrupt vector)
                0x000002fc                . = 0x2fc
 *fill*         0x000000cc      0x230 ff
 *(.crp)
 .crp           0x000002fc        0x4 ./obj/crp.o
                0x000002fc                CRP_WORD
 *(.rom)
 *(.rom.b)
                0x00000300                __cs3_reset = __cs3_reset_cortex_m
 *(.cs3.reset)
 .cs3.reset     0x00000300       0x48 ./obj/startup_LPC17xx.o
                0x00000300                __cs3_reset_cortex_m
                0x00000001                ASSERT ((. != __cs3_reset), No reset code)
 *(.text .text.* .gnu.linkonce.t.*)
 .text.SystemInit
                0x00000348      0x104 ./obj/system_LPC17xx.o
                0x00000348                SystemInit
 .text.UARTPutChar
                0x0000044c       0x1c ./obj/debug_frmwrk.o
                0x0000044c                UARTPutChar
 .text.UARTPuts
                0x00000468       0x2c ./obj/debug_frmwrk.o
                0x00000468                UARTPuts
 .text.UARTPuts_
                0x00000494       0x18 ./obj/debug_frmwrk.o
                0x00000494                UARTPuts_
 .text.UARTPutDec
                0x000004ac       0x70 ./obj/debug_frmwrk.o
                0x000004ac                UARTPutDec
 .text.UARTPutDec16
                0x0000051c       0xc8 ./obj/debug_frmwrk.o
                0x0000051c                UARTPutDec16
 .text.UARTPutDec32
                0x000005e4      0x1a8 ./obj/debug_frmwrk.o
                0x000005e4                UARTPutDec32
 .text.UARTPutHex
                0x0000078c       0x50 ./obj/debug_frmwrk.o
                0x0000078c                UARTPutHex
 .text.UARTPutHex16
                0x000007dc       0x4c ./obj/debug_frmwrk.o
                0x000007dc                UARTPutHex16
 .text.UARTPutHex32
                0x00000828       0x4c ./obj/debug_frmwrk.o
                0x00000828                UARTPutHex32
 .text.UARTGetChar
                0x00000874       0x20 ./obj/debug_frmwrk.o
                0x00000874                UARTGetChar
 .text.debug_frmwrk_init
                0x00000894       0xf8 ./obj/debug_frmwrk.o
                0x00000894                debug_frmwrk_init
 .text.ADC_ChannelGetData
                0x0000098c        0xc ./obj/lpc17xx_adc.o
                0x0000098c                ADC_ChannelGetData
 .text.ADC_ChannelGetStatus
                0x00000998       0x20 ./obj/lpc17xx_adc.o
                0x00000998                ADC_ChannelGetStatus
 .text.CLKPWR_GetPCLK
                0x000009b8       0x44 ./obj/lpc17xx_clkpwr.o
                0x000009b8                CLKPWR_GetPCLK
 .text.CLKPWR_ConfigPPWR
                0x000009fc       0x34 ./obj/lpc17xx_clkpwr.o
                0x000009fc                CLKPWR_ConfigPPWR
 .text.PINSEL_ConfigPin
                0x00000a30       0xac ./obj/lpc17xx_pinsel.o
                0x00000a30                PINSEL_ConfigPin
 .text.UART_Init
                0x00000adc      0x284 ./obj/lpc17xx_uart.o
                0x00000adc                UART_Init
 .text.UART_ConfigStructInit
                0x00000d60       0x14 ./obj/lpc17xx_uart.o
                0x00000d60                UART_ConfigStructInit
 .text.UART_Send
                0x00000d74       0x90 ./obj/lpc17xx_uart.o
                0x00000d74                UART_Send
 .text.UART_Receive
                0x00000e04       0x74 ./obj/lpc17xx_uart.o
                0x00000e04                UART_Receive
 .text.UART_TxCmd
                0x00000e78       0x20 ./obj/lpc17xx_uart.o
                0x00000e78                UART_TxCmd
 .text.addrCheck
                0x00000e98       0x9c ./obj/Main.o
                0x00000e98                addrCheck
 .text.receivingHandler
                0x00000f34      0x1ec ./obj/Main.o
                0x00000f34                receivingHandler
 .text.UART0_IRQHandler
                0x00001120       0x14 ./obj/Main.o
                0x00001120                UART0_IRQHandler
 .text.Parse    0x00001134       0xc0 ./obj/Main.o
                0x00001134                Parse
 .text.Poll     0x000011f4      0x260 ./obj/Main.o
                0x000011f4                Poll
 .text.startup.main
                0x00001454       0x7c ./obj/Main.o
                0x00001454                main
 .text.ser_OpenPort
                0x000014d0       0x40 ./obj/serial.o
                0x000014d0                ser_OpenPort
 .text.ser_ClosePort
                0x00001510       0x48 ./obj/serial.o
                0x00001510                ser_ClosePort
 .text.ser_InitPort0
                0x00001558       0xe0 ./obj/serial.o
                0x00001558                ser_InitPort0
 .text.ser_Read
                0x00001638       0x3c ./obj/serial.o
                0x00001638                ser_Read
 .text.ser_AvailChar
                0x00001674       0x18 ./obj/serial.o
                0x00001674                ser_AvailChar
 .text.ser_LineState
                0x0000168c       0x10 ./obj/serial.o
                0x0000168c                ser_LineState
 .text.UART1_IRQHandler
                0x0000169c       0x98 ./obj/serial.o
                0x0000169c                UART1_IRQHandler
 .text.CDC_SendEncapsulatedCommand
                0x00001734        0x4 ./obj/cdcuser.o
                0x00001734                CDC_SendEncapsulatedCommand
 .text.CDC_GetEncapsulatedResponse
                0x00001738        0x4 ./obj/cdcuser.o
                0x00001738                CDC_GetEncapsulatedResponse
 .text.CDC_SetCommFeature
                0x0000173c        0x4 ./obj/cdcuser.o
                0x0000173c                CDC_SetCommFeature
 .text.CDC_GetCommFeature
                0x00001740        0x4 ./obj/cdcuser.o
                0x00001740                CDC_GetCommFeature
 .text.CDC_ClearCommFeature
                0x00001744        0x4 ./obj/cdcuser.o
                0x00001744                CDC_ClearCommFeature
 .text.CDC_SetLineCoding
                0x00001748       0x3c ./obj/cdcuser.o
                0x00001748                CDC_SetLineCoding
 .text.CDC_GetLineCoding
                0x00001784       0x28 ./obj/cdcuser.o
                0x00001784                CDC_GetLineCoding
 .text.CDC_SetControlLineState
                0x000017ac        0x4 ./obj/cdcuser.o
                0x000017ac                CDC_SetControlLineState
 .text.CDC_SendBreak
                0x000017b0        0x4 ./obj/cdcuser.o
                0x000017b0                CDC_SendBreak
 .text.CDC_BulkIn
                0x000017b4       0x38 ./obj/cdcuser.o
                0x000017b4                CDC_BulkIn
 .text.CDC_BulkOut
                0x000017ec       0x44 ./obj/cdcuser.o
                0x000017ec                CDC_BulkOut
 .text.CDC_GetSerialState
                0x00001830       0x88 ./obj/cdcuser.o
                0x00001830                CDC_GetSerialState
 .text.CDC_NotificationIn
                0x000018b8       0x4c ./obj/cdcuser.o
                0x000018b8                CDC_NotificationIn
 .text.USB_ResetCore
                0x00001904       0x3c ./obj/usbcore.o
                0x00001904                USB_ResetCore
 .text.USB_DataInStage
                0x00001940       0x30 ./obj/usbcore.o
                0x00001940                USB_DataInStage
 .text.USB_DataOutStage
                0x00001970       0x20 ./obj/usbcore.o
                0x00001970                USB_DataOutStage
 .text.USB_ReqSetClrFeature
                0x00001990       0xd4 ./obj/usbcore.o
                0x00001990                USB_ReqSetClrFeature
 .text.USB_ReqSetConfiguration
                0x00001a64      0x1ec ./obj/usbcore.o
                0x00001a64                USB_ReqSetConfiguration
 .text.USB_ReqSetInterface
                0x00001c50      0x174 ./obj/usbcore.o
                0x00001c50                USB_ReqSetInterface
 .text.USB_EndPoint0
                0x00001dc4      0x3e8 ./obj/usbcore.o
                0x00001dc4                USB_EndPoint0
 .text.WrCmdEP  0x000021ac       0x4c ./obj/usbhw.o
                0x000021ac                WrCmdEP
 .text.USB_WakeUpCfg
                0x000021f8        0x4 ./obj/usbhw.o
                0x000021f8                USB_WakeUpCfg
 .text.USB_SetAddress
                0x000021fc       0x70 ./obj/usbhw.o
                0x000021fc                USB_SetAddress
 .text.USB_Configure
                0x0000226c       0x68 ./obj/usbhw.o
                0x0000226c                USB_Configure
 .text.USB_ConfigEP
                0x000022d4       0x48 ./obj/usbhw.o
                0x000022d4                USB_ConfigEP
 .text.USB_DirCtrlEP
                0x0000231c        0x4 ./obj/usbhw.o
                0x0000231c                USB_DirCtrlEP
 .text.USB_EnableEP
                0x00002320       0x4c ./obj/usbhw.o
                0x00002320                USB_EnableEP
 .text.USB_DisableEP
                0x0000236c       0x50 ./obj/usbhw.o
                0x0000236c                USB_DisableEP
 .text.USB_ResetEP
                0x000023bc       0x4c ./obj/usbhw.o
                0x000023bc                USB_ResetEP
 .text.USB_SetStallEP
                0x00002408       0x50 ./obj/usbhw.o
                0x00002408                USB_SetStallEP
 .text.USB_ClrStallEP
                0x00002458       0x4c ./obj/usbhw.o
                0x00002458                USB_ClrStallEP
 .text.USB_ReadEP
                0x000024a4       0x58 ./obj/usbhw.o
                0x000024a4                USB_ReadEP
 .text.USB_WriteEP
                0x000024fc       0x48 ./obj/usbhw.o
                0x000024fc                USB_WriteEP
 .text.USB_IRQHandler
                0x00002544      0x104 ./obj/usbhw.o
                0x00002544                USB_IRQHandler
 .text.USB_EndPoint2
                0x00002648       0x14 ./obj/usbuser.o
                0x00002648                USB_EndPoint2
 .text.USB_EndPoint1
                0x0000265c       0x24 ./obj/usbuser.o
                0x0000265c                USB_EndPoint1
 .text.USB_Reset_Event
                0x00002680        0x4 ./obj/usbuser.o
                0x00002680                USB_Reset_Event
 .text.USB_Configure_Event
                0x00002684        0xc ./obj/usbuser.o
                0x00002684                USB_Configure_Event
 .text.ADC_IRQHandler
                0x00002690       0xb4 ./obj/L1754adc.o
                0x00002690                ADC_IRQHandler
 .text          0x00002744       0x14 ./obj/startup_LPC17xx.o
                0x00002744                NMI_Handler
                0x00002746                HardFault_Handler
                0x00002748                MemManage_Handler
                0x0000274a                BusFault_Handler
                0x0000274c                UsageFault_Handler
                0x0000274e                SVC_Handler
                0x00002750                DebugMon_Handler
                0x00002752                PendSV_Handler
                0x00002754                SysTick_Handler
                0x00002756                PWM1_IRQHandler
                0x00002756                I2C1_IRQHandler
                0x00002756                EINT2_IRQHandler
                0x00002756                EINT3_IRQHandler
                0x00002756                CANActivity_IRQHandler
                0x00002756                TIMER3_IRQHandler
                0x00002756                I2C0_IRQHandler
                0x00002756                PLL0_IRQHandler
                0x00002756                RIT_IRQHandler
                0x00002756                PLL1_IRQHandler
                0x00002756                SSP0_IRQHandler
                0x00002756                I2S_IRQHandler
                0x00002756                I2C2_IRQHandler
                0x00002756                RTC_IRQHandler
                0x00002756                TIMER0_IRQHandler
                0x00002756                SPI_IRQHandler
                0x00002756                EINT1_IRQHandler
                0x00002756                TIMER1_IRQHandler
                0x00002756                UART2_IRQHandler
                0x00002756                Default_Handler
                0x00002756                SSP1_IRQHandler
                0x00002756                BOD_IRQHandler
                0x00002756                USBActivity_IRQHandler
                0x00002756                WDT_IRQHandler
                0x00002756                CAN_IRQHandler
                0x00002756                QEI_IRQHandler
                0x00002756                EINT0_IRQHandler
                0x00002756                DMA_IRQHandler
                0x00002756                TIMER2_IRQHandler
                0x00002756                UART3_IRQHandler
                0x00002756                MCPWM_IRQHandler
                0x00002756                ENET_IRQHandler
 *(.plt)
 *(.gnu.warning)
 *(.glue_7t)
 .glue_7t       0x00000000        0x0 linker stubs
 *(.glue_7)
 .glue_7        0x00000000        0x0 linker stubs
 *(.vfp11_veneer)
 .vfp11_veneer  0x00000000        0x0 linker stubs
 *(.rodata .rodata.* .gnu.linkonce.r.*)
 .rodata.str1.4
                0x00002758        0x7 ./obj/debug_frmwrk.o
                                  0x8 (size before relaxing)
 *fill*         0x0000275f        0x1 
 .rodata.str1.4
                0x00002760      0x104 ./obj/Main.o
 .rodata.CSWTCH.15
                0x00002864        0x4 ./obj/serial.o
 .rodata.CSWTCH.16
                0x00002868        0x4 ./obj/serial.o
 .rodata.USB_ConfigDescriptor
                0x0000286c       0x44 ./obj/usbdesc.o
                0x0000286c                USB_ConfigDescriptor
 .rodata.USB_StringDescriptor
                0x000028b0       0x68 ./obj/usbdesc.o
                0x000028b0                USB_StringDescriptor
 .rodata.USB_DeviceDescriptor
                0x00002918       0x14 ./obj/usbdesc.o
                0x00002918                USB_DeviceDescriptor
 .rodata.USB_P_EP
                0x0000292c       0x40 ./obj/usbuser.o
                0x0000292c                USB_P_EP
 *(.ARM.extab* .gnu.linkonce.armextab.*)
 *(.gcc_except_table)
 *(.eh_frame_hdr)
 *(.eh_frame)
                0x0000296c                . = ALIGN (0x4)
 *(.init)
                0x0000296c                . = ALIGN (0x4)
                0x0000296c                __preinit_array_start = .
 *(.preinit_array)
                0x0000296c                __preinit_array_end = .
                0x0000296c                . = ALIGN (0x4)
                0x0000296c                __init_array_start = .
 *(SORT(.init_array.*))
 *(.init_array)
                0x0000296c                __init_array_end = .
                0x0000296c                . = ALIGN (0x4)
 *crtbegin.o(.ctors)
 *(EXCLUDE_FILE(*crtend.o) .ctors)
 *(SORT(.ctors.*))
 *crtend.o(.ctors)
                0x0000296c                . = ALIGN (0x4)
 *(.fini)
                0x0000296c                . = ALIGN (0x4)
                0x0000296c                __fini_array_start = .
 *(.fini_array)
 *(SORT(.fini_array.*))
                0x0000296c                __fini_array_end = .
 *crtbegin.o(.dtors)
 *(EXCLUDE_FILE(*crtend.o) .dtors)
 *(SORT(.dtors.*))
 *crtend.o(.dtors)
                0x0000296c                . = ALIGN (0x4)
                0x0000296c                __cs3_regions = .
                0x0000296c        0x4 LONG 0x0
                0x00002970        0x4 LONG 0x2988 __cs3_region_init_ram
                0x00002974        0x4 LONG 0x10000000 __cs3_region_start_ram
                0x00002978        0x4 LONG 0x5c8 __cs3_region_init_size_ram
                0x0000297c        0x4 LONG 0x638 __cs3_region_zero_size_ram
                0x00002980                __exidx_start = .

.v4_bx          0x00002980        0x0
 .v4_bx         0x00000000        0x0 linker stubs

.iplt           0x00002980        0x0
 .iplt          0x00000000        0x0 ./obj/crp.o

.ARM.exidx      0x00002980        0x8
 *(.ARM.exidx* .gnu.linkonce.armexidx.*)
 .ARM.exidx.cs3.reset
                0x00002980        0x8 ./obj/startup_LPC17xx.o
                0x00002988                __exidx_end = .

.rel.dyn        0x00002988        0x0
 .rel.iplt      0x00000000        0x0 ./obj/crp.o

.text.align     0x00002988        0x0
                0x00002988                . = ALIGN (0x8)
                0x00002988                _etext = .
                0x00080000                __cs3_region_size_rom = 0x80000
                0x00000001                __cs3_region_num = 0x1

.data           0x10000000      0x5c8 load address 0x00002988
                0x10000000                __cs3_region_start_ram = .
 *(.cs3.region-head.ram)
 *(.jcr)
 *(.got.plt)
 *(.got)
 *(.shdata)
 *(.data .data.* .gnu.linkonce.d.*)
 .data.SystemCoreClock
                0x10000000        0x4 ./obj/system_LPC17xx.o
                0x10000000                SystemCoreClock
 .data.pCom     0x10000004        0x4 ./obj/Main.o
                0x10000004                pCom
 .data.CommList
                0x10000008      0x5ac ./obj/Main.o
                0x10000008                CommList
 .data.pbit     0x100005b4        0x4 ./obj/Main.o
                0x100005b4                pbit
 .data.CDC_DepInEmpty
                0x100005b8        0x2 ./obj/cdcuser.o
                0x100005b8                CDC_DepInEmpty
 *fill*         0x100005ba        0x2 
 .data.CDC_LineCoding
                0x100005bc        0x8 ./obj/cdcuser.o
                0x100005bc                CDC_LineCoding
 *(.ram)
                0x100005c8                . = ALIGN (0x8)
 *fill*         0x100005c4        0x4 
                0x100005c8                _edata = .

.igot.plt       0x100005c8        0x0 load address 0x00002f50
 .igot.plt      0x00000000        0x0 ./obj/crp.o

.bss            0x100005c8      0x638 load address 0x00002f50
 *(.shbss)
 *(.bss .bss.* .gnu.linkonce.b.*)
 .bss.nMatches.7721
                0x100005c8        0x2 ./obj/Main.o
 .bss.n         0x100005ca        0x2 ./obj/Main.o
                0x100005ca                n
 .bss.value.7718
                0x100005cc       0x34 ./obj/Main.o
 .bss.mainPointer
                0x10000600        0x2 ./obj/Main.o
 .bss.nSymArg.7719
                0x10000602        0x2 ./obj/Main.o
 .bss.CDC_SerialState
                0x10000604        0x2 ./obj/cdcuser.o
                0x10000604                CDC_SerialState
 .bss.Inters    0x10000606        0x1 ./obj/cdcuser.o
                0x10000606                Inters
 *fill*         0x10000607        0x1 
 .bss.serialState.4435
                0x10000608        0x2 ./obj/usbuser.o
 *fill*         0x1000060a        0x2 
 .bss.ADC_Res2_r
                0x1000060c        0x4 ./obj/inter_volatile.o
                0x1000060c                ADC_Res2_r
 .bss.ADC_Res2_16
                0x10000610        0x4 ./obj/inter_volatile.o
                0x10000610                ADC_Res2_16
 .bss.ADC_counter2
                0x10000614        0x2 ./obj/inter_volatile.o
                0x10000614                ADC_counter2
 *fill*         0x10000616        0x2 
 .bss.ADC_Res1_16
                0x10000618        0x4 ./obj/inter_volatile.o
                0x10000618                ADC_Res1_16
 .bss.ADC_Res1  0x1000061c        0x2 ./obj/inter_volatile.o
                0x1000061c                ADC_Res1
 *fill*         0x1000061e        0x2 
 .bss.ADC_Res1_r
                0x10000620        0x4 ./obj/inter_volatile.o
                0x10000620                ADC_Res1_r
 .bss.ADC_Res2  0x10000624        0x2 ./obj/inter_volatile.o
                0x10000624                ADC_Res2
 .bss.ADC_counter1
                0x10000626        0x2 ./obj/inter_volatile.o
                0x10000626                ADC_counter1
 *(COMMON)
 COMMON         0x10000628       0x28 ./obj/debug_frmwrk.o
                0x10000628                _db_dec
                0x1000062c                _db_dec_32
                0x10000630                _db_hex_32
                0x10000634                _db_dec_16
                0x10000638                _db_msg
                0x1000063c                _db_get_char
                0x10000640                _db_msg_
                0x10000644                _db_char
                0x10000648                _db_hex
                0x1000064c                _db_hex_16
 COMMON         0x10000650      0x106 ./obj/Main.o
                0x10000650                Buf
                0x10000750                byte
                0x10000754                ch
                0x10000755                myStat
 *fill*         0x10000756        0x2 
 COMMON         0x10000758      0x118 ./obj/serial.o
                0x10000758                ser_in
                0x100007e0                ser_txRestart
                0x100007e4                ser_lineState
                0x100007e8                ser_out
 COMMON         0x10000870      0x354 ./obj/cdcuser.o
                0x10000870                times
                0x10000a70                BulkBufOut
                0x10000ab0                NotificationBuf
                0x10000abc                BulkBufIn
                0x10000afc                mass
                0x10000b7c                CDC_OutBuf
 COMMON         0x10000bc4       0x36 ./obj/usbcore.o
                0x10000bc4                USB_AltSetting
                0x10000bc8                USB_EndPointMask
                0x10000bcc                USB_DeviceAddress
                0x10000bd0                USB_EndPointStall
                0x10000bd4                USB_EndPointHalt
                0x10000bd8                uEP0
                0x10000be0                USB_Configuration
                0x10000be4                SetupPacket
                0x10000bec                USB_NumInterfaces
                0x10000bf0                EP0Data
                0x10000bf8                USB_DeviceStatus
 *(.ram.b)
                0x10000c00                . = ALIGN (0x8)
 *fill*         0x10000bfa        0x6 
                0x10000c00                end = .
                0x10000c00                _end = .
                0x10000c00                __end = .

.usb_ram
 *.o(USB_RAM)

.heap           0x10000c00     0x1000
 *(.heap)
 .heap          0x10000c00     0x1000 ./obj/startup_LPC17xx.o
                0x10000c00                __cs3_heap_start
                0x10001c00                __cs3_heap_end

.stack          0x10007c00      0x400
 *(.stack)
 .stack         0x10007c00      0x400 ./obj/startup_LPC17xx.o
                0x10007c00                __cs3_stack_mem
                0x10008000                _estack = .
                0x10008000                PROVIDE (estack, .)
                0x00002988                __cs3_region_init_ram = LOADADDR (.data)
                0x000005c8                __cs3_region_init_size_ram = (_edata - __cs3_region_start_ram)
                0x00000638                __cs3_region_zero_size_ram = (_end - _edata)
                0x00008000                __cs3_region_size_ram = 0x8000
                0x00000001                __cs3_region_num = 0x1

.stab
 *(.stab)

.stabstr
 *(.stabstr)

.debug
 *(.debug)

.line
 *(.line)

.debug_srcinfo
 *(.debug_srcinfo)

.debug_sfnames
 *(.debug_sfnames)

.debug_aranges  0x00000000      0xa68
 *(.debug_aranges)
 .debug_aranges
                0x00000000       0x18 ./obj/crp.o
 .debug_aranges
                0x00000018       0x28 ./obj/system_LPC17xx.o
 .debug_aranges
                0x00000040       0x18 ./obj/core_cm3.o
 .debug_aranges
                0x00000058       0x70 ./obj/debug_frmwrk.o
 .debug_aranges
                0x000000c8       0x80 ./obj/lpc17xx_adc.o
 .debug_aranges
                0x00000148       0x18 ./obj/lpc17xx_can.o
 .debug_aranges
                0x00000160       0x58 ./obj/lpc17xx_clkpwr.o
 .debug_aranges
                0x000001b8       0x18 ./obj/lpc17xx_dac.o
 .debug_aranges
                0x000001d0       0x18 ./obj/lpc17xx_emac.o
 .debug_aranges
                0x000001e8       0x18 ./obj/lpc17xx_exti.o
 .debug_aranges
                0x00000200       0x18 ./obj/lpc17xx_gpdma.o
 .debug_aranges
                0x00000218       0xe0 ./obj/lpc17xx_gpio.o
 .debug_aranges
                0x000002f8       0x18 ./obj/lpc17xx_i2c.o
 .debug_aranges
                0x00000310       0x18 ./obj/lpc17xx_i2s.o
 .debug_aranges
                0x00000328       0x18 ./obj/lpc17xx_libcfg_default.o
 .debug_aranges
                0x00000340       0x90 ./obj/lpc17xx_mcpwm.o
 .debug_aranges
                0x000003d0       0x30 ./obj/lpc17xx_nvic.o
 .debug_aranges
                0x00000400       0x30 ./obj/lpc17xx_pinsel.o
 .debug_aranges
                0x00000430       0x18 ./obj/lpc17xx_pwm.o
 .debug_aranges
                0x00000448       0x18 ./obj/lpc17xx_qei.o
 .debug_aranges
                0x00000460       0x18 ./obj/lpc17xx_rit.o
 .debug_aranges
                0x00000478       0x18 ./obj/lpc17xx_rtc.o
 .debug_aranges
                0x00000490       0x18 ./obj/lpc17xx_spi.o
 .debug_aranges
                0x000004a8       0x18 ./obj/lpc17xx_ssp.o
 .debug_aranges
                0x000004c0       0x60 ./obj/lpc17xx_systick.o
 .debug_aranges
                0x00000520       0x18 ./obj/lpc17xx_timer.o
 .debug_aranges
                0x00000538       0xa0 ./obj/lpc17xx_uart.o
 .debug_aranges
                0x000005d8       0x18 ./obj/lpc17xx_wdt.o
 .debug_aranges
                0x000005f0       0x58 ./obj/Main.o
 .debug_aranges
                0x00000648       0x60 ./obj/serial.o
 .debug_aranges
                0x000006a8       0xa0 ./obj/cdcuser.o
 .debug_aranges
                0x00000748       0x68 ./obj/usbcore.o
 .debug_aranges
                0x000007b0       0x18 ./obj/usbdesc.o
 .debug_aranges
                0x000007c8       0xe8 ./obj/usbhw.o
 .debug_aranges
                0x000008b0       0xa0 ./obj/usbuser.o
 .debug_aranges
                0x00000950       0x48 ./obj/BLDC.o
 .debug_aranges
                0x00000998       0x20 ./obj/PID.o
 .debug_aranges
                0x000009b8       0x28 ./obj/UART_ProcessData.o
 .debug_aranges
                0x000009e0       0x28 ./obj/L1754adc.o
 .debug_aranges
                0x00000a08       0x18 ./obj/t_table.o
 .debug_aranges
                0x00000a20       0x20 ./obj/inter_volatile.o
 .debug_aranges
                0x00000a40       0x28 ./obj/startup_LPC17xx.o

.debug_pubnames
 *(.debug_pubnames)

.debug_info     0x00000000     0xcebe
 *(.debug_info .gnu.linkonce.wi.*)
 .debug_info    0x00000000       0xa5 ./obj/crp.o
 .debug_info    0x000000a5      0x490 ./obj/system_LPC17xx.o
 .debug_info    0x00000535       0x64 ./obj/core_cm3.o
 .debug_info    0x00000599     0x10b1 ./obj/debug_frmwrk.o
 .debug_info    0x0000164a      0x5c4 ./obj/lpc17xx_adc.o
 .debug_info    0x00001c0e       0xa7 ./obj/lpc17xx_can.o
 .debug_info    0x00001cb5      0x688 ./obj/lpc17xx_clkpwr.o
 .debug_info    0x0000233d       0xa7 ./obj/lpc17xx_dac.o
 .debug_info    0x000023e4       0xa7 ./obj/lpc17xx_emac.o
 .debug_info    0x0000248b       0xa7 ./obj/lpc17xx_exti.o
 .debug_info    0x00002532       0xa7 ./obj/lpc17xx_gpdma.o
 .debug_info    0x000025d9      0xeae ./obj/lpc17xx_gpio.o
 .debug_info    0x00003487       0xa7 ./obj/lpc17xx_i2c.o
 .debug_info    0x0000352e       0xa7 ./obj/lpc17xx_i2s.o
 .debug_info    0x000035d5       0x79 ./obj/lpc17xx_libcfg_default.o
 .debug_info    0x0000364e      0x7e9 ./obj/lpc17xx_mcpwm.o
 .debug_info    0x00003e37      0x3da ./obj/lpc17xx_nvic.o
 .debug_info    0x00004211      0x511 ./obj/lpc17xx_pinsel.o
 .debug_info    0x00004722       0xa7 ./obj/lpc17xx_pwm.o
 .debug_info    0x000047c9       0xa7 ./obj/lpc17xx_qei.o
 .debug_info    0x00004870       0xa7 ./obj/lpc17xx_rit.o
 .debug_info    0x00004917       0xa7 ./obj/lpc17xx_rtc.o
 .debug_info    0x000049be       0xa7 ./obj/lpc17xx_spi.o
 .debug_info    0x00004a65       0xa7 ./obj/lpc17xx_ssp.o
 .debug_info    0x00004b0c      0x2d5 ./obj/lpc17xx_systick.o
 .debug_info    0x00004de1       0xa7 ./obj/lpc17xx_timer.o
 .debug_info    0x00004e88      0xdff ./obj/lpc17xx_uart.o
 .debug_info    0x00005c87       0xa7 ./obj/lpc17xx_wdt.o
 .debug_info    0x00005d2e      0xe51 ./obj/Main.o
 .debug_info    0x00006b7f      0xec7 ./obj/serial.o
 .debug_info    0x00007a46      0x845 ./obj/cdcuser.o
 .debug_info    0x0000828b      0xe21 ./obj/usbcore.o
 .debug_info    0x000090ac      0x108 ./obj/usbdesc.o
 .debug_info    0x000091b4     0x158a ./obj/usbhw.o
 .debug_info    0x0000a73e      0x409 ./obj/usbuser.o
 .debug_info    0x0000ab47      0xb1e ./obj/BLDC.o
 .debug_info    0x0000b665      0x1f6 ./obj/PID.o
 .debug_info    0x0000b85b      0x64b ./obj/UART_ProcessData.o
 .debug_info    0x0000bea6      0xaca ./obj/L1754adc.o
 .debug_info    0x0000c970       0xd9 ./obj/t_table.o
 .debug_info    0x0000ca49      0x423 ./obj/inter_volatile.o
 .debug_info    0x0000ce6c       0x52 ./obj/startup_LPC17xx.o

.debug_abbrev   0x00000000     0x3384
 *(.debug_abbrev)
 .debug_abbrev  0x00000000       0x4b ./obj/crp.o
 .debug_abbrev  0x0000004b      0x112 ./obj/system_LPC17xx.o
 .debug_abbrev  0x0000015d       0x26 ./obj/core_cm3.o
 .debug_abbrev  0x00000183      0x2d0 ./obj/debug_frmwrk.o
 .debug_abbrev  0x00000453      0x1c1 ./obj/lpc17xx_adc.o
 .debug_abbrev  0x00000614       0x4b ./obj/lpc17xx_can.o
 .debug_abbrev  0x0000065f      0x242 ./obj/lpc17xx_clkpwr.o
 .debug_abbrev  0x000008a1       0x4b ./obj/lpc17xx_dac.o
 .debug_abbrev  0x000008ec       0x4b ./obj/lpc17xx_emac.o
 .debug_abbrev  0x00000937       0x4b ./obj/lpc17xx_exti.o
 .debug_abbrev  0x00000982       0x4b ./obj/lpc17xx_gpdma.o
 .debug_abbrev  0x000009cd      0x249 ./obj/lpc17xx_gpio.o
 .debug_abbrev  0x00000c16       0x4b ./obj/lpc17xx_i2c.o
 .debug_abbrev  0x00000c61       0x4b ./obj/lpc17xx_i2s.o
 .debug_abbrev  0x00000cac       0x26 ./obj/lpc17xx_libcfg_default.o
 .debug_abbrev  0x00000cd2      0x1c9 ./obj/lpc17xx_mcpwm.o
 .debug_abbrev  0x00000e9b      0x12a ./obj/lpc17xx_nvic.o
 .debug_abbrev  0x00000fc5      0x179 ./obj/lpc17xx_pinsel.o
 .debug_abbrev  0x0000113e       0x4b ./obj/lpc17xx_pwm.o
 .debug_abbrev  0x00001189       0x4b ./obj/lpc17xx_qei.o
 .debug_abbrev  0x000011d4       0x4b ./obj/lpc17xx_rit.o
 .debug_abbrev  0x0000121f       0x4b ./obj/lpc17xx_rtc.o
 .debug_abbrev  0x0000126a       0x4b ./obj/lpc17xx_spi.o
 .debug_abbrev  0x000012b5       0x4b ./obj/lpc17xx_ssp.o
 .debug_abbrev  0x00001300      0x166 ./obj/lpc17xx_systick.o
 .debug_abbrev  0x00001466       0x4b ./obj/lpc17xx_timer.o
 .debug_abbrev  0x000014b1      0x2de ./obj/lpc17xx_uart.o
 .debug_abbrev  0x0000178f       0x4b ./obj/lpc17xx_wdt.o
 .debug_abbrev  0x000017da      0x391 ./obj/Main.o
 .debug_abbrev  0x00001b6b      0x2a8 ./obj/serial.o
 .debug_abbrev  0x00001e13      0x30a ./obj/cdcuser.o
 .debug_abbrev  0x0000211d      0x3b5 ./obj/usbcore.o
 .debug_abbrev  0x000024d2       0x5d ./obj/usbdesc.o
 .debug_abbrev  0x0000252f      0x423 ./obj/usbhw.o
 .debug_abbrev  0x00002952      0x1b9 ./obj/usbuser.o
 .debug_abbrev  0x00002b0b      0x1fe ./obj/BLDC.o
 .debug_abbrev  0x00002d09       0xc0 ./obj/PID.o
 .debug_abbrev  0x00002dc9      0x200 ./obj/UART_ProcessData.o
 .debug_abbrev  0x00002fc9      0x277 ./obj/L1754adc.o
 .debug_abbrev  0x00003240       0x82 ./obj/t_table.o
 .debug_abbrev  0x000032c2       0xb0 ./obj/inter_volatile.o
 .debug_abbrev  0x00003372       0x12 ./obj/startup_LPC17xx.o

.debug_line     0x00000000     0x42a1
 *(.debug_line)
 .debug_line    0x00000000       0x9a ./obj/crp.o
 .debug_line    0x0000009a      0x17c ./obj/system_LPC17xx.o
 .debug_line    0x00000216       0x1d ./obj/core_cm3.o
 .debug_line    0x00000233      0x3af ./obj/debug_frmwrk.o
 .debug_line    0x000005e2      0x224 ./obj/lpc17xx_adc.o
 .debug_line    0x00000806       0x9c ./obj/lpc17xx_can.o
 .debug_line    0x000008a2      0x217 ./obj/lpc17xx_clkpwr.o
 .debug_line    0x00000ab9       0x9c ./obj/lpc17xx_dac.o
 .debug_line    0x00000b55       0x9c ./obj/lpc17xx_emac.o
 .debug_line    0x00000bf1       0x9c ./obj/lpc17xx_exti.o
 .debug_line    0x00000c8d       0x9c ./obj/lpc17xx_gpdma.o
 .debug_line    0x00000d29      0x37f ./obj/lpc17xx_gpio.o
 .debug_line    0x000010a8       0x9c ./obj/lpc17xx_i2c.o
 .debug_line    0x00001144       0x9c ./obj/lpc17xx_i2s.o
 .debug_line    0x000011e0       0x1d ./obj/lpc17xx_libcfg_default.o
 .debug_line    0x000011fd      0x3d0 ./obj/lpc17xx_mcpwm.o
 .debug_line    0x000015cd      0x135 ./obj/lpc17xx_nvic.o
 .debug_line    0x00001702      0x1a1 ./obj/lpc17xx_pinsel.o
 .debug_line    0x000018a3       0x9c ./obj/lpc17xx_pwm.o
 .debug_line    0x0000193f       0x9c ./obj/lpc17xx_qei.o
 .debug_line    0x000019db       0x9c ./obj/lpc17xx_rit.o
 .debug_line    0x00001a77       0x9c ./obj/lpc17xx_rtc.o
 .debug_line    0x00001b13       0x9c ./obj/lpc17xx_spi.o
 .debug_line    0x00001baf       0x9c ./obj/lpc17xx_ssp.o
 .debug_line    0x00001c4b      0x1e1 ./obj/lpc17xx_systick.o
 .debug_line    0x00001e2c       0x9c ./obj/lpc17xx_timer.o
 .debug_line    0x00001ec8      0x471 ./obj/lpc17xx_uart.o
 .debug_line    0x00002339       0x9c ./obj/lpc17xx_wdt.o
 .debug_line    0x000023d5      0x349 ./obj/Main.o
 .debug_line    0x0000271e      0x2f1 ./obj/serial.o
 .debug_line    0x00002a0f      0x2e4 ./obj/cdcuser.o
 .debug_line    0x00002cf3      0x46b ./obj/usbcore.o
 .debug_line    0x0000315e       0x9e ./obj/usbdesc.o
 .debug_line    0x000031fc      0x5a7 ./obj/usbhw.o
 .debug_line    0x000037a3      0x1d4 ./obj/usbuser.o
 .debug_line    0x00003977      0x27a ./obj/BLDC.o
 .debug_line    0x00003bf1       0xd4 ./obj/PID.o
 .debug_line    0x00003cc5      0x201 ./obj/UART_ProcessData.o
 .debug_line    0x00003ec6      0x202 ./obj/L1754adc.o
 .debug_line    0x000040c8       0xd7 ./obj/t_table.o
 .debug_line    0x0000419f       0x79 ./obj/inter_volatile.o
 .debug_line    0x00004218       0x89 ./obj/startup_LPC17xx.o

.debug_frame    0x00000000     0x1e9c
 *(.debug_frame)
 .debug_frame   0x00000000       0x40 ./obj/system_LPC17xx.o
 .debug_frame   0x00000040      0x1a8 ./obj/debug_frmwrk.o
 .debug_frame   0x000001e8       0xf0 ./obj/lpc17xx_adc.o
 .debug_frame   0x000002d8       0x90 ./obj/lpc17xx_clkpwr.o
 .debug_frame   0x00000368      0x1c0 ./obj/lpc17xx_gpio.o
 .debug_frame   0x00000528      0x130 ./obj/lpc17xx_mcpwm.o
 .debug_frame   0x00000658       0x50 ./obj/lpc17xx_nvic.o
 .debug_frame   0x000006a8       0x4c ./obj/lpc17xx_pinsel.o
 .debug_frame   0x000006f4       0xc0 ./obj/lpc17xx_systick.o
 .debug_frame   0x000007b4      0x16c ./obj/lpc17xx_uart.o
 .debug_frame   0x00000920      0x100 ./obj/Main.o
 .debug_frame   0x00000a20       0xfc ./obj/serial.o
 .debug_frame   0x00000b1c      0x19c ./obj/cdcuser.o
 .debug_frame   0x00000cb8      0x148 ./obj/usbcore.o
 .debug_frame   0x00000e00      0x23c ./obj/usbhw.o
 .debug_frame   0x0000103c      0x12c ./obj/usbuser.o
 .debug_frame   0x00001168       0xc0 ./obj/BLDC.o
 .debug_frame   0x00001228       0x20 ./obj/PID.o
 .debug_frame   0x00001248       0x48 ./obj/UART_ProcessData.o
 .debug_frame   0x00001290       0x50 ./obj/L1754adc.o
 .debug_frame   0x000012e0       0x20 ./obj/inter_volatile.o
 .debug_frame   0x00001300       0x20 d:/gnu/4_8/bin/../lib/gcc/arm-none-eabi/4.8.3/../../../../arm-none-eabi/lib/armv7-m\libc.a(lib_a-atof.o)
 .debug_frame   0x00001320       0x30 d:/gnu/4_8/bin/../lib/gcc/arm-none-eabi/4.8.3/../../../../arm-none-eabi/lib/armv7-m\libc.a(lib_a-atoi.o)
 .debug_frame   0x00001350       0x40 d:/gnu/4_8/bin/../lib/gcc/arm-none-eabi/4.8.3/../../../../arm-none-eabi/lib/armv7-m\libc.a(lib_a-puts.o)
 .debug_frame   0x00001390       0x2c d:/gnu/4_8/bin/../lib/gcc/arm-none-eabi/4.8.3/../../../../arm-none-eabi/lib/armv7-m\libc.a(lib_a-strchr.o)
 .debug_frame   0x000013bc       0x20 d:/gnu/4_8/bin/../lib/gcc/arm-none-eabi/4.8.3/../../../../arm-none-eabi/lib/armv7-m\libc.a(lib_a-strlen.o)
 .debug_frame   0x000013dc       0x2c d:/gnu/4_8/bin/../lib/gcc/arm-none-eabi/4.8.3/../../../../arm-none-eabi/lib/armv7-m\libc.a(lib_a-strncpy.o)
 .debug_frame   0x00001408       0x88 d:/gnu/4_8/bin/../lib/gcc/arm-none-eabi/4.8.3/../../../../arm-none-eabi/lib/armv7-m\libc.a(lib_a-strtod.o)
 .debug_frame   0x00001490       0x50 d:/gnu/4_8/bin/../lib/gcc/arm-none-eabi/4.8.3/../../../../arm-none-eabi/lib/armv7-m\libc.a(lib_a-strtol.o)
 .debug_frame   0x000014e0       0x38 d:/gnu/4_8/bin/../lib/gcc/arm-none-eabi/4.8.3/../../../../arm-none-eabi/lib/armv7-m\libc.a(lib_a-fvwrite.o)
 .debug_frame   0x00001518       0x58 d:/gnu/4_8/bin/../lib/gcc/arm-none-eabi/4.8.3/../../../../arm-none-eabi/lib/armv7-m\libc.a(lib_a-gdtoa-gethex.o)
 .debug_frame   0x00001570       0x38 d:/gnu/4_8/bin/../lib/gcc/arm-none-eabi/4.8.3/../../../../arm-none-eabi/lib/armv7-m\libc.a(lib_a-gdtoa-hexnan.o)
 .debug_frame   0x000015a8       0x98 d:/gnu/4_8/bin/../lib/gcc/arm-none-eabi/4.8.3/../../../../arm-none-eabi/lib/armv7-m\libc.a(lib_a-locale.o)
 .debug_frame   0x00001640       0x38 d:/gnu/4_8/bin/../lib/gcc/arm-none-eabi/4.8.3/../../../../arm-none-eabi/lib/armv7-m\libc.a(lib_a-mallocr.o)
 .debug_frame   0x00001678       0x2c d:/gnu/4_8/bin/../lib/gcc/arm-none-eabi/4.8.3/../../../../arm-none-eabi/lib/armv7-m\libc.a(lib_a-memchr-stub.o)
 .debug_frame   0x000016a4       0x2c d:/gnu/4_8/bin/../lib/gcc/arm-none-eabi/4.8.3/../../../../arm-none-eabi/lib/armv7-m\libc.a(lib_a-memmove.o)
 .debug_frame   0x000016d0       0x30 d:/gnu/4_8/bin/../lib/gcc/arm-none-eabi/4.8.3/../../../../arm-none-eabi/lib/armv7-m\libc.a(lib_a-mlock.o)
 .debug_frame   0x00001700      0x228 d:/gnu/4_8/bin/../lib/gcc/arm-none-eabi/4.8.3/../../../../arm-none-eabi/lib/armv7-m\libc.a(lib_a-mprec.o)
 .debug_frame   0x00001928       0x38 d:/gnu/4_8/bin/../lib/gcc/arm-none-eabi/4.8.3/../../../../arm-none-eabi/lib/armv7-m\libc.a(lib_a-reallocr.o)
 .debug_frame   0x00001960       0x28 d:/gnu/4_8/bin/../lib/gcc/arm-none-eabi/4.8.3/../../../../arm-none-eabi/lib/armv7-m\libc.a(lib_a-s_fpclassify.o)
 .debug_frame   0x00001988       0x20 d:/gnu/4_8/bin/../lib/gcc/arm-none-eabi/4.8.3/../../../../arm-none-eabi/lib/armv7-m\libc.a(lib_a-sf_nan.o)
 .debug_frame   0x000019a8       0x28 d:/gnu/4_8/bin/../lib/gcc/arm-none-eabi/4.8.3/../../../../arm-none-eabi/lib/armv7-m\libc.a(lib_a-strncmp.o)
 .debug_frame   0x000019d0       0x2c d:/gnu/4_8/bin/../lib/gcc/arm-none-eabi/4.8.3/../../../../arm-none-eabi/lib/armv7-m\libc.a(lib_a-wsetup.o)
 .debug_frame   0x000019fc       0x28 d:/gnu/4_8/bin/../lib/gcc/arm-none-eabi/4.8.3/../../../../arm-none-eabi/lib/armv7-m\libc.a(lib_a-callocr.o)
 .debug_frame   0x00001a24       0x5c d:/gnu/4_8/bin/../lib/gcc/arm-none-eabi/4.8.3/../../../../arm-none-eabi/lib/armv7-m\libc.a(lib_a-fflush.o)
 .debug_frame   0x00001a80      0x110 d:/gnu/4_8/bin/../lib/gcc/arm-none-eabi/4.8.3/../../../../arm-none-eabi/lib/armv7-m\libc.a(lib_a-findfp.o)
 .debug_frame   0x00001b90       0x50 d:/gnu/4_8/bin/../lib/gcc/arm-none-eabi/4.8.3/../../../../arm-none-eabi/lib/armv7-m\libc.a(lib_a-freer.o)
 .debug_frame   0x00001be0       0x54 d:/gnu/4_8/bin/../lib/gcc/arm-none-eabi/4.8.3/../../../../arm-none-eabi/lib/armv7-m\libc.a(lib_a-fwalk.o)
 .debug_frame   0x00001c34       0x30 d:/gnu/4_8/bin/../lib/gcc/arm-none-eabi/4.8.3/../../../../arm-none-eabi/lib/armv7-m\libc.a(lib_a-makebuf.o)
 .debug_frame   0x00001c64       0x2c d:/gnu/4_8/bin/../lib/gcc/arm-none-eabi/4.8.3/../../../../arm-none-eabi/lib/armv7-m\libc.a(lib_a-memset.o)
 .debug_frame   0x00001c90       0x80 d:/gnu/4_8/bin/../lib/gcc/arm-none-eabi/4.8.3/../../../../arm-none-eabi/lib/armv7-m\libc.a(lib_a-stdio.o)
 .debug_frame   0x00001d10       0x2c d:/gnu/4_8/bin/../lib/gcc/arm-none-eabi/4.8.3/../../../../arm-none-eabi/lib/armv7-m\libc.a(lib_a-writer.o)
 .debug_frame   0x00001d3c       0x2c d:/gnu/4_8/bin/../lib/gcc/arm-none-eabi/4.8.3/../../../../arm-none-eabi/lib/armv7-m\libc.a(lib_a-closer.o)
 .debug_frame   0x00001d68       0x3c d:/gnu/4_8/bin/../lib/gcc/arm-none-eabi/4.8.3/../../../../arm-none-eabi/lib/armv7-m\libc.a(lib_a-fclose.o)
 .debug_frame   0x00001da4       0x2c d:/gnu/4_8/bin/../lib/gcc/arm-none-eabi/4.8.3/../../../../arm-none-eabi/lib/armv7-m\libc.a(lib_a-fstatr.o)
 .debug_frame   0x00001dd0       0x2c d:/gnu/4_8/bin/../lib/gcc/arm-none-eabi/4.8.3/../../../../arm-none-eabi/lib/armv7-m\libc.a(lib_a-isattyr.o)
 .debug_frame   0x00001dfc       0x2c d:/gnu/4_8/bin/../lib/gcc/arm-none-eabi/4.8.3/../../../../arm-none-eabi/lib/armv7-m\libc.a(lib_a-lseekr.o)
 .debug_frame   0x00001e28       0x2c d:/gnu/4_8/bin/../lib/gcc/arm-none-eabi/4.8.3/../../../../arm-none-eabi/lib/armv7-m\libc.a(lib_a-readr.o)
 .debug_frame   0x00001e54       0x48 d:/gnu/4_8/bin/../lib/gcc/arm-none-eabi/4.8.3/../../../../arm-none-eabi/lib/armv7-m\libc.a(lib_a-reent.o)

.debug_str      0x00000000     0x3461
 *(.debug_str)
 .debug_str     0x00000000      0x12a ./obj/crp.o
                                0x16c (size before relaxing)
 .debug_str     0x0000012a      0x204 ./obj/system_LPC17xx.o
                                0x35f (size before relaxing)
 .debug_str     0x0000032e       0x12 ./obj/core_cm3.o
                                0x13f (size before relaxing)
 .debug_str     0x00000340      0x342 ./obj/debug_frmwrk.o
                                0x527 (size before relaxing)
 .debug_str     0x00000682      0x23e ./obj/lpc17xx_adc.o
                                0x426 (size before relaxing)
 .debug_str     0x000008c0       0x1f ./obj/lpc17xx_can.o
                                0x186 (size before relaxing)
 .debug_str     0x000008df       0xb4 ./obj/lpc17xx_clkpwr.o
                                0x432 (size before relaxing)
 .debug_str     0x00000993       0x1f ./obj/lpc17xx_dac.o
                                0x186 (size before relaxing)
 .debug_str     0x000009b2       0x20 ./obj/lpc17xx_emac.o
                                0x187 (size before relaxing)
 .debug_str     0x000009d2       0x20 ./obj/lpc17xx_exti.o
                                0x187 (size before relaxing)
 .debug_str     0x000009f2       0x21 ./obj/lpc17xx_gpdma.o
                                0x188 (size before relaxing)
 .debug_str     0x00000a13      0x42e ./obj/lpc17xx_gpio.o
                                0x602 (size before relaxing)
 .debug_str     0x00000e41       0x1f ./obj/lpc17xx_i2c.o
                                0x186 (size before relaxing)
 .debug_str     0x00000e60       0x1f ./obj/lpc17xx_i2s.o
                                0x186 (size before relaxing)
 .debug_str     0x00000e7f       0x2a ./obj/lpc17xx_libcfg_default.o
                                0x169 (size before relaxing)
 .debug_str     0x00000ea9      0x412 ./obj/lpc17xx_mcpwm.o
                                0x5ea (size before relaxing)
 .debug_str     0x000012bb       0x80 ./obj/lpc17xx_nvic.o
                                0x28d (size before relaxing)
 .debug_str     0x0000133b      0x1f4 ./obj/lpc17xx_pinsel.o
                                0x40b (size before relaxing)
 .debug_str     0x0000152f       0x1f ./obj/lpc17xx_pwm.o
                                0x186 (size before relaxing)
 .debug_str     0x0000154e       0x1f ./obj/lpc17xx_qei.o
                                0x186 (size before relaxing)
 .debug_str     0x0000156d       0x1f ./obj/lpc17xx_rit.o
                                0x186 (size before relaxing)
 .debug_str     0x0000158c       0x1f ./obj/lpc17xx_rtc.o
                                0x186 (size before relaxing)
 .debug_str     0x000015ab       0x1f ./obj/lpc17xx_spi.o
                                0x186 (size before relaxing)
 .debug_str     0x000015ca       0x1f ./obj/lpc17xx_ssp.o
                                0x186 (size before relaxing)
 .debug_str     0x000015e9      0x11f ./obj/lpc17xx_systick.o
                                0x2dc (size before relaxing)
 .debug_str     0x00001708       0x21 ./obj/lpc17xx_timer.o
                                0x188 (size before relaxing)
 .debug_str     0x00001729      0x465 ./obj/lpc17xx_uart.o
                                0x862 (size before relaxing)
 .debug_str     0x00001b8e       0x1f ./obj/lpc17xx_wdt.o
                                0x186 (size before relaxing)
 .debug_str     0x00001bad      0x380 ./obj/Main.o
                                0x72a (size before relaxing)
 .debug_str     0x00001f2d      0x152 ./obj/serial.o
                                0x81d (size before relaxing)
 .debug_str     0x0000207f      0x297 ./obj/cdcuser.o
                                0x519 (size before relaxing)
 .debug_str     0x00002316      0x4db ./obj/usbcore.o
                                0x809 (size before relaxing)
 .debug_str     0x000027f1       0x14 ./obj/usbdesc.o
                                0x1ad (size before relaxing)
 .debug_str     0x00002805      0x4a3 ./obj/usbhw.o
                                0xc13 (size before relaxing)
 .debug_str     0x00002ca8       0xf8 ./obj/usbuser.o
                                0x30f (size before relaxing)
 .debug_str     0x00002da0      0x1a3 ./obj/BLDC.o
                                0x63b (size before relaxing)
 .debug_str     0x00002f43       0x20 ./obj/PID.o
                                0x1fa (size before relaxing)
 .debug_str     0x00002f63       0xdf ./obj/UART_ProcessData.o
                                0x307 (size before relaxing)
 .debug_str     0x00003042      0x16b ./obj/L1754adc.o
                                0x7a0 (size before relaxing)
 .debug_str     0x000031ad       0x24 ./obj/t_table.o
                                0x18b (size before relaxing)
 .debug_str     0x000031d1      0x290 ./obj/inter_volatile.o
                                0x42d (size before relaxing)

.debug_loc      0x00000000     0x50d0
 *(.debug_loc)
 .debug_loc     0x00000000      0xeb5 ./obj/debug_frmwrk.o
 .debug_loc     0x00000eb5      0x33d ./obj/lpc17xx_adc.o
 .debug_loc     0x000011f2      0x296 ./obj/lpc17xx_clkpwr.o
 .debug_loc     0x00001488      0x79d ./obj/lpc17xx_gpio.o
 .debug_loc     0x00001c25      0x486 ./obj/lpc17xx_mcpwm.o
 .debug_loc     0x000020ab       0x40 ./obj/lpc17xx_nvic.o
 .debug_loc     0x000020eb      0x1fa ./obj/lpc17xx_pinsel.o
 .debug_loc     0x000022e5      0x141 ./obj/lpc17xx_systick.o
 .debug_loc     0x00002426      0xf07 ./obj/lpc17xx_uart.o
 .debug_loc     0x0000332d      0x278 ./obj/Main.o
 .debug_loc     0x000035a5      0x4cc ./obj/serial.o
 .debug_loc     0x00003a71      0x238 ./obj/cdcuser.o
 .debug_loc     0x00003ca9      0x788 ./obj/usbcore.o
 .debug_loc     0x00004431      0x812 ./obj/usbhw.o
 .debug_loc     0x00004c43       0x87 ./obj/usbuser.o
 .debug_loc     0x00004cca      0x16c ./obj/BLDC.o
 .debug_loc     0x00004e36      0x22e ./obj/UART_ProcessData.o
 .debug_loc     0x00005064       0x2c ./obj/L1754adc.o
 .debug_loc     0x00005090       0x40 ./obj/inter_volatile.o

.comment        0x00000000       0x70
 .comment       0x00000000       0x70 ./obj/crp.o
                                 0x71 (size before relaxing)
 .comment       0x00000000       0x71 ./obj/system_LPC17xx.o
 .comment       0x00000000       0x71 ./obj/core_cm3.o
 .comment       0x00000000       0x71 ./obj/debug_frmwrk.o
 .comment       0x00000000       0x71 ./obj/lpc17xx_adc.o
 .comment       0x00000000       0x71 ./obj/lpc17xx_can.o
 .comment       0x00000000       0x71 ./obj/lpc17xx_clkpwr.o
 .comment       0x00000000       0x71 ./obj/lpc17xx_dac.o
 .comment       0x00000000       0x71 ./obj/lpc17xx_emac.o
 .comment       0x00000000       0x71 ./obj/lpc17xx_exti.o
 .comment       0x00000000       0x71 ./obj/lpc17xx_gpdma.o
 .comment       0x00000000       0x71 ./obj/lpc17xx_gpio.o
 .comment       0x00000000       0x71 ./obj/lpc17xx_i2c.o
 .comment       0x00000000       0x71 ./obj/lpc17xx_i2s.o
 .comment       0x00000000       0x71 ./obj/lpc17xx_libcfg_default.o
 .comment       0x00000000       0x71 ./obj/lpc17xx_mcpwm.o
 .comment       0x00000000       0x71 ./obj/lpc17xx_nvic.o
 .comment       0x00000000       0x71 ./obj/lpc17xx_pinsel.o
 .comment       0x00000000       0x71 ./obj/lpc17xx_pwm.o
 .comment       0x00000000       0x71 ./obj/lpc17xx_qei.o
 .comment       0x00000000       0x71 ./obj/lpc17xx_rit.o
 .comment       0x00000000       0x71 ./obj/lpc17xx_rtc.o
 .comment       0x00000000       0x71 ./obj/lpc17xx_spi.o
 .comment       0x00000000       0x71 ./obj/lpc17xx_ssp.o
 .comment       0x00000000       0x71 ./obj/lpc17xx_systick.o
 .comment       0x00000000       0x71 ./obj/lpc17xx_timer.o
 .comment       0x00000000       0x71 ./obj/lpc17xx_uart.o
 .comment       0x00000000       0x71 ./obj/lpc17xx_wdt.o
 .comment       0x00000000       0x71 ./obj/Main.o
 .comment       0x00000000       0x71 ./obj/serial.o
 .comment       0x00000000       0x71 ./obj/cdcuser.o
 .comment       0x00000000       0x71 ./obj/usbcore.o
 .comment       0x00000000       0x71 ./obj/usbdesc.o
 .comment       0x00000000       0x71 ./obj/usbhw.o
 .comment       0x00000000       0x71 ./obj/usbuser.o
 .comment       0x00000000       0x71 ./obj/BLDC.o
 .comment       0x00000000       0x71 ./obj/PID.o
 .comment       0x00000000       0x71 ./obj/UART_ProcessData.o
 .comment       0x00000000       0x71 ./obj/L1754adc.o
 .comment       0x00000000       0x71 ./obj/t_table.o
 .comment       0x00000000       0x71 ./obj/inter_volatile.o

.debug_macinfo
 *(.debug_macinfo)

.debug_weaknames
 *(.debug_weaknames)

.debug_funcnames
 *(.debug_funcnames)

.debug_typenames
 *(.debug_typenames)

.debug_varnames
 *(.debug_varnames)

.note.gnu.arm.ident
 *(.note.gnu.arm.ident)

.ARM.attributes
                0x00000000       0x31
 *(.ARM.attributes)
 .ARM.attributes
                0x00000000       0x33 ./obj/crp.o
 .ARM.attributes
                0x00000033       0x33 ./obj/system_LPC17xx.o
 .ARM.attributes
                0x00000066       0x33 ./obj/core_cm3.o
 .ARM.attributes
                0x00000099       0x33 ./obj/debug_frmwrk.o
 .ARM.attributes
                0x000000cc       0x33 ./obj/lpc17xx_adc.o
 .ARM.attributes
                0x000000ff       0x33 ./obj/lpc17xx_can.o
 .ARM.attributes
                0x00000132       0x33 ./obj/lpc17xx_clkpwr.o
 .ARM.attributes
                0x00000165       0x33 ./obj/lpc17xx_dac.o
 .ARM.attributes
                0x00000198       0x33 ./obj/lpc17xx_emac.o
 .ARM.attributes
                0x000001cb       0x33 ./obj/lpc17xx_exti.o
 .ARM.attributes
                0x000001fe       0x33 ./obj/lpc17xx_gpdma.o
 .ARM.attributes
                0x00000231       0x33 ./obj/lpc17xx_gpio.o
 .ARM.attributes
                0x00000264       0x33 ./obj/lpc17xx_i2c.o
 .ARM.attributes
                0x00000297       0x33 ./obj/lpc17xx_i2s.o
 .ARM.attributes
                0x000002ca       0x33 ./obj/lpc17xx_libcfg_default.o
 .ARM.attributes
                0x000002fd       0x33 ./obj/lpc17xx_mcpwm.o
 .ARM.attributes
                0x00000330       0x33 ./obj/lpc17xx_nvic.o
 .ARM.attributes
                0x00000363       0x33 ./obj/lpc17xx_pinsel.o
 .ARM.attributes
                0x00000396       0x33 ./obj/lpc17xx_pwm.o
 .ARM.attributes
                0x000003c9       0x33 ./obj/lpc17xx_qei.o
 .ARM.attributes
                0x000003fc       0x33 ./obj/lpc17xx_rit.o
 .ARM.attributes
                0x0000042f       0x33 ./obj/lpc17xx_rtc.o
 .ARM.attributes
                0x00000462       0x33 ./obj/lpc17xx_spi.o
 .ARM.attributes
                0x00000495       0x33 ./obj/lpc17xx_ssp.o
 .ARM.attributes
                0x000004c8       0x33 ./obj/lpc17xx_systick.o
 .ARM.attributes
                0x000004fb       0x33 ./obj/lpc17xx_timer.o
 .ARM.attributes
                0x0000052e       0x33 ./obj/lpc17xx_uart.o
 .ARM.attributes
                0x00000561       0x33 ./obj/lpc17xx_wdt.o
 .ARM.attributes
                0x00000594       0x33 ./obj/Main.o
 .ARM.attributes
                0x000005c7       0x33 ./obj/serial.o
 .ARM.attributes
                0x000005fa       0x33 ./obj/cdcuser.o
 .ARM.attributes
                0x0000062d       0x33 ./obj/usbcore.o
 .ARM.attributes
                0x00000660       0x33 ./obj/usbdesc.o
 .ARM.attributes
                0x00000693       0x33 ./obj/usbhw.o
 .ARM.attributes
                0x000006c6       0x33 ./obj/usbuser.o
 .ARM.attributes
                0x000006f9       0x33 ./obj/BLDC.o
 .ARM.attributes
                0x0000072c       0x33 ./obj/PID.o
 .ARM.attributes
                0x0000075f       0x33 ./obj/UART_ProcessData.o
 .ARM.attributes
                0x00000792       0x33 ./obj/L1754adc.o
 .ARM.attributes
                0x000007c5       0x33 ./obj/t_table.o
 .ARM.attributes
                0x000007f8       0x33 ./obj/inter_volatile.o
 .ARM.attributes
                0x0000082b       0x21 ./obj/startup_LPC17xx.o
 .ARM.attributes
                0x0000084c       0x1d d:/gnu/4_8/bin/../lib/gcc/arm-none-eabi/4.8.3/armv7-m\libgcc.a(_arm_addsubdf3.o)
 .ARM.attributes
                0x00000869       0x1d d:/gnu/4_8/bin/../lib/gcc/arm-none-eabi/4.8.3/armv7-m\libgcc.a(_arm_muldivdf3.o)
 .ARM.attributes
                0x00000886       0x1d d:/gnu/4_8/bin/../lib/gcc/arm-none-eabi/4.8.3/armv7-m\libgcc.a(_arm_fixdfsi.o)
 .ARM.attributes
                0x000008a3       0x1d d:/gnu/4_8/bin/../lib/gcc/arm-none-eabi/4.8.3/armv7-m\libgcc.a(_arm_addsubsf3.o)
 .ARM.attributes
                0x000008c0       0x1d d:/gnu/4_8/bin/../lib/gcc/arm-none-eabi/4.8.3/armv7-m\libgcc.a(_arm_cmpsf2.o)
 .ARM.attributes
                0x000008dd       0x2d d:/gnu/4_8/bin/../lib/gcc/arm-none-eabi/4.8.3/../../../../arm-none-eabi/lib/armv7-m\libc.a(lib_a-atof.o)
 .ARM.attributes
                0x0000090a       0x2d d:/gnu/4_8/bin/../lib/gcc/arm-none-eabi/4.8.3/../../../../arm-none-eabi/lib/armv7-m\libc.a(lib_a-atoi.o)
 .ARM.attributes
                0x00000937       0x1b d:/gnu/4_8/bin/../lib/gcc/arm-none-eabi/4.8.3/../../../../arm-none-eabi/lib/armv7-m\libc.a(lib_a-memcpy.o)
 .ARM.attributes
                0x00000952       0x2d d:/gnu/4_8/bin/../lib/gcc/arm-none-eabi/4.8.3/../../../../arm-none-eabi/lib/armv7-m\libc.a(lib_a-puts.o)
 .ARM.attributes
                0x0000097f       0x2d d:/gnu/4_8/bin/../lib/gcc/arm-none-eabi/4.8.3/../../../../arm-none-eabi/lib/armv7-m\libc.a(lib_a-strchr.o)
 .ARM.attributes
                0x000009ac       0x1b d:/gnu/4_8/bin/../lib/gcc/arm-none-eabi/4.8.3/../../../../arm-none-eabi/lib/armv7-m\libc.a(lib_a-strcmp.o)
 .ARM.attributes
                0x000009c7       0x2d d:/gnu/4_8/bin/../lib/gcc/arm-none-eabi/4.8.3/../../../../arm-none-eabi/lib/armv7-m\libc.a(lib_a-strlen.o)
 .ARM.attributes
                0x000009f4       0x2d d:/gnu/4_8/bin/../lib/gcc/arm-none-eabi/4.8.3/../../../../arm-none-eabi/lib/armv7-m\libc.a(lib_a-strncpy.o)
 .ARM.attributes
                0x00000a21       0x2d d:/gnu/4_8/bin/../lib/gcc/arm-none-eabi/4.8.3/../../../../arm-none-eabi/lib/armv7-m\libc.a(lib_a-strtod.o)
 .ARM.attributes
                0x00000a4e       0x2d d:/gnu/4_8/bin/../lib/gcc/arm-none-eabi/4.8.3/../../../../arm-none-eabi/lib/armv7-m\libc.a(lib_a-strtol.o)
 .ARM.attributes
                0x00000a7b       0x2d d:/gnu/4_8/bin/../lib/gcc/arm-none-eabi/4.8.3/../../../../arm-none-eabi/lib/armv7-m\libc.a(lib_a-ctype_.o)
 .ARM.attributes
                0x00000aa8       0x2d d:/gnu/4_8/bin/../lib/gcc/arm-none-eabi/4.8.3/../../../../arm-none-eabi/lib/armv7-m\libc.a(lib_a-fvwrite.o)
 .ARM.attributes
                0x00000ad5       0x2d d:/gnu/4_8/bin/../lib/gcc/arm-none-eabi/4.8.3/../../../../arm-none-eabi/lib/armv7-m\libc.a(lib_a-gdtoa-gethex.o)
 .ARM.attributes
                0x00000b02       0x2d d:/gnu/4_8/bin/../lib/gcc/arm-none-eabi/4.8.3/../../../../arm-none-eabi/lib/armv7-m\libc.a(lib_a-gdtoa-hexnan.o)
 .ARM.attributes
                0x00000b2f       0x2d d:/gnu/4_8/bin/../lib/gcc/arm-none-eabi/4.8.3/../../../../arm-none-eabi/lib/armv7-m\libc.a(lib_a-impure.o)
 .ARM.attributes
                0x00000b5c       0x2d d:/gnu/4_8/bin/../lib/gcc/arm-none-eabi/4.8.3/../../../../arm-none-eabi/lib/armv7-m\libc.a(lib_a-locale.o)
 .ARM.attributes
                0x00000b89       0x2d d:/gnu/4_8/bin/../lib/gcc/arm-none-eabi/4.8.3/../../../../arm-none-eabi/lib/armv7-m\libc.a(lib_a-mallocr.o)
 .ARM.attributes
                0x00000bb6       0x2d d:/gnu/4_8/bin/../lib/gcc/arm-none-eabi/4.8.3/../../../../arm-none-eabi/lib/armv7-m\libc.a(lib_a-memchr-stub.o)
 .ARM.attributes
                0x00000be3       0x2d d:/gnu/4_8/bin/../lib/gcc/arm-none-eabi/4.8.3/../../../../arm-none-eabi/lib/armv7-m\libc.a(lib_a-memmove.o)
 .ARM.attributes
                0x00000c10       0x2d d:/gnu/4_8/bin/../lib/gcc/arm-none-eabi/4.8.3/../../../../arm-none-eabi/lib/armv7-m\libc.a(lib_a-mlock.o)
 .ARM.attributes
                0x00000c3d       0x2d d:/gnu/4_8/bin/../lib/gcc/arm-none-eabi/4.8.3/../../../../arm-none-eabi/lib/armv7-m\libc.a(lib_a-mprec.o)
 .ARM.attributes
                0x00000c6a       0x2d d:/gnu/4_8/bin/../lib/gcc/arm-none-eabi/4.8.3/../../../../arm-none-eabi/lib/armv7-m\libc.a(lib_a-reallocr.o)
 .ARM.attributes
                0x00000c97       0x2d d:/gnu/4_8/bin/../lib/gcc/arm-none-eabi/4.8.3/../../../../arm-none-eabi/lib/armv7-m\libc.a(lib_a-s_fpclassify.o)
 .ARM.attributes
                0x00000cc4       0x2d d:/gnu/4_8/bin/../lib/gcc/arm-none-eabi/4.8.3/../../../../arm-none-eabi/lib/armv7-m\libc.a(lib_a-sf_nan.o)
 .ARM.attributes
                0x00000cf1       0x2d d:/gnu/4_8/bin/../lib/gcc/arm-none-eabi/4.8.3/../../../../arm-none-eabi/lib/armv7-m\libc.a(lib_a-strncmp.o)
 .ARM.attributes
                0x00000d1e       0x2d d:/gnu/4_8/bin/../lib/gcc/arm-none-eabi/4.8.3/../../../../arm-none-eabi/lib/armv7-m\libc.a(lib_a-wsetup.o)
 .ARM.attributes
                0x00000d4b       0x2d d:/gnu/4_8/bin/../lib/gcc/arm-none-eabi/4.8.3/../../../../arm-none-eabi/lib/armv7-m\libc.a(lib_a-callocr.o)
 .ARM.attributes
                0x00000d78       0x2d d:/gnu/4_8/bin/../lib/gcc/arm-none-eabi/4.8.3/../../../../arm-none-eabi/lib/armv7-m\libc.a(lib_a-fflush.o)
 .ARM.attributes
                0x00000da5       0x2d d:/gnu/4_8/bin/../lib/gcc/arm-none-eabi/4.8.3/../../../../arm-none-eabi/lib/armv7-m\libc.a(lib_a-findfp.o)
 .ARM.attributes
                0x00000dd2       0x2d d:/gnu/4_8/bin/../lib/gcc/arm-none-eabi/4.8.3/../../../../arm-none-eabi/lib/armv7-m\libc.a(lib_a-freer.o)
 .ARM.attributes
                0x00000dff       0x2d d:/gnu/4_8/bin/../lib/gcc/arm-none-eabi/4.8.3/../../../../arm-none-eabi/lib/armv7-m\libc.a(lib_a-fwalk.o)
 .ARM.attributes
                0x00000e2c       0x2d d:/gnu/4_8/bin/../lib/gcc/arm-none-eabi/4.8.3/../../../../arm-none-eabi/lib/armv7-m\libc.a(lib_a-makebuf.o)
 .ARM.attributes
                0x00000e59       0x2d d:/gnu/4_8/bin/../lib/gcc/arm-none-eabi/4.8.3/../../../../arm-none-eabi/lib/armv7-m\libc.a(lib_a-memset.o)
 .ARM.attributes
                0x00000e86       0x2d d:/gnu/4_8/bin/../lib/gcc/arm-none-eabi/4.8.3/../../../../arm-none-eabi/lib/armv7-m\libc.a(lib_a-stdio.o)
 .ARM.attributes
                0x00000eb3       0x2d d:/gnu/4_8/bin/../lib/gcc/arm-none-eabi/4.8.3/../../../../arm-none-eabi/lib/armv7-m\libc.a(lib_a-writer.o)
 .ARM.attributes
                0x00000ee0       0x2d d:/gnu/4_8/bin/../lib/gcc/arm-none-eabi/4.8.3/../../../../arm-none-eabi/lib/armv7-m\libc.a(lib_a-closer.o)
 .ARM.attributes
                0x00000f0d       0x2d d:/gnu/4_8/bin/../lib/gcc/arm-none-eabi/4.8.3/../../../../arm-none-eabi/lib/armv7-m\libc.a(lib_a-fclose.o)
 .ARM.attributes
                0x00000f3a       0x2d d:/gnu/4_8/bin/../lib/gcc/arm-none-eabi/4.8.3/../../../../arm-none-eabi/lib/armv7-m\libc.a(lib_a-fstatr.o)
 .ARM.attributes
                0x00000f67       0x2d d:/gnu/4_8/bin/../lib/gcc/arm-none-eabi/4.8.3/../../../../arm-none-eabi/lib/armv7-m\libc.a(lib_a-isattyr.o)
 .ARM.attributes
                0x00000f94       0x2d d:/gnu/4_8/bin/../lib/gcc/arm-none-eabi/4.8.3/../../../../arm-none-eabi/lib/armv7-m\libc.a(lib_a-lseekr.o)
 .ARM.attributes
                0x00000fc1       0x2d d:/gnu/4_8/bin/../lib/gcc/arm-none-eabi/4.8.3/../../../../arm-none-eabi/lib/armv7-m\libc.a(lib_a-readr.o)
 .ARM.attributes
                0x00000fee       0x2d d:/gnu/4_8/bin/../lib/gcc/arm-none-eabi/4.8.3/../../../../arm-none-eabi/lib/armv7-m\libc.a(lib_a-reent.o)
 .ARM.attributes
                0x0000101b       0x1d d:/gnu/4_8/bin/../lib/gcc/arm-none-eabi/4.8.3/armv7-m\libgcc.a(_arm_cmpdf2.o)
 .ARM.attributes
                0x00001038       0x1d d:/gnu/4_8/bin/../lib/gcc/arm-none-eabi/4.8.3/armv7-m\libgcc.a(_arm_fixunsdfsi.o)
 .ARM.attributes
                0x00001055       0x1d d:/gnu/4_8/bin/../lib/gcc/arm-none-eabi/4.8.3/armv7-m\libgcc.a(_arm_truncdfsf2.o)

/DISCARD/
 *(.note.GNU-stack)
OUTPUT(./exe/Pars.elf elf32-littlearm)

.debug_ranges   0x00000000      0xd20
 .debug_ranges  0x00000000       0x18 ./obj/system_LPC17xx.o
 .debug_ranges  0x00000018      0x1d0 ./obj/debug_frmwrk.o
 .debug_ranges  0x000001e8       0x70 ./obj/lpc17xx_adc.o
 .debug_ranges  0x00000258       0x48 ./obj/lpc17xx_clkpwr.o
 .debug_ranges  0x000002a0       0xd0 ./obj/lpc17xx_gpio.o
 .debug_ranges  0x00000370       0x80 ./obj/lpc17xx_mcpwm.o
 .debug_ranges  0x000003f0       0x20 ./obj/lpc17xx_nvic.o
 .debug_ranges  0x00000410       0x90 ./obj/lpc17xx_pinsel.o
 .debug_ranges  0x000004a0       0x50 ./obj/lpc17xx_systick.o
 .debug_ranges  0x000004f0      0x110 ./obj/lpc17xx_uart.o
 .debug_ranges  0x00000600       0x68 ./obj/Main.o
 .debug_ranges  0x00000668       0xe8 ./obj/serial.o
 .debug_ranges  0x00000750       0x90 ./obj/cdcuser.o
 .debug_ranges  0x000007e0       0xf0 ./obj/usbcore.o
 .debug_ranges  0x000008d0      0x2c8 ./obj/usbhw.o
 .debug_ranges  0x00000b98       0xa8 ./obj/usbuser.o
 .debug_ranges  0x00000c40       0x38 ./obj/BLDC.o
 .debug_ranges  0x00000c78       0x10 ./obj/PID.o
 .debug_ranges  0x00000c88       0x18 ./obj/UART_ProcessData.o
 .debug_ranges  0x00000ca0       0x50 ./obj/L1754adc.o
 .debug_ranges  0x00000cf0       0x10 ./obj/inter_volatile.o
 .debug_ranges  0x00000d00       0x20 ./obj/startup_LPC17xx.o

Cross Reference Table

Symbol                                            File
ADC_BurstCmd                                      ./obj/lpc17xx_adc.o
                                                  ./obj/L1754adc.o
ADC_ChannelCmd                                    ./obj/lpc17xx_adc.o
                                                  ./obj/L1754adc.o
ADC_ChannelGetData                                ./obj/lpc17xx_adc.o
                                                  ./obj/L1754adc.o
ADC_ChannelGetStatus                              ./obj/lpc17xx_adc.o
                                                  ./obj/L1754adc.o
ADC_DMA_BUFF                                      ./obj/L1754adc.o
ADC_DeInit                                        ./obj/lpc17xx_adc.o
ADC_EdgeStartConfig                               ./obj/lpc17xx_adc.o
ADC_GetData                                       ./obj/lpc17xx_adc.o
ADC_GlobalGetData                                 ./obj/lpc17xx_adc.o
ADC_GlobalGetStatus                               ./obj/lpc17xx_adc.o
ADC_IRQHandler                                    ./obj/L1754adc.o
ADC_Init                                          ./obj/lpc17xx_adc.o
ADC_Input                                         ./obj/inter_volatile.o
ADC_IntConfig                                     ./obj/lpc17xx_adc.o
                                                  ./obj/L1754adc.o
ADC_PowerdownCmd                                  ./obj/lpc17xx_adc.o
ADC_Res1                                          ./obj/inter_volatile.o
                                                  ./obj/L1754adc.o
ADC_Res1_16                                       ./obj/inter_volatile.o
                                                  ./obj/L1754adc.o
ADC_Res1_r                                        ./obj/inter_volatile.o
                                                  ./obj/L1754adc.o
ADC_Res2                                          ./obj/inter_volatile.o
                                                  ./obj/L1754adc.o
ADC_Res2_16                                       ./obj/inter_volatile.o
                                                  ./obj/L1754adc.o
ADC_Res2_r                                        ./obj/inter_volatile.o
                                                  ./obj/L1754adc.o
ADC_StartCmd                                      ./obj/lpc17xx_adc.o
ADC_counter1                                      ./obj/inter_volatile.o
                                                  ./obj/L1754adc.o
ADC_counter2                                      ./obj/inter_volatile.o
                                                  ./obj/L1754adc.o
Adc_calibration_arg                               ./obj/inter_volatile.o
Adc_calibration_flag                              ./obj/inter_volatile.o
Adc_symm_16                                       ./obj/inter_volatile.o
Adc_symm_count                                    ./obj/inter_volatile.o
Adc_symm_ready_flag                               ./obj/inter_volatile.o
BLDC_Enable                                       ./obj/BLDC.o
BLDC_Init                                         ./obj/BLDC.o
BLDC_break                                        ./obj/BLDC.o
BLDC_calcRPM                                      ./obj/BLDC.o
BLDC_commutate                                    ./obj/BLDC.o
BLDC_setDuty                                      ./obj/BLDC.o
BOD_IRQHandler                                    ./obj/startup_LPC17xx.o
Bar_zero_pozition                                 ./obj/inter_volatile.o
Bright_adc_value_MAX                              ./obj/inter_volatile.o
Bright_adc_value_past                             ./obj/inter_volatile.o
Bright_adc_value_run                              ./obj/inter_volatile.o
Bright_delta                                      ./obj/inter_volatile.o
Bright_level_past                                 ./obj/inter_volatile.o
Bright_level_run                                  ./obj/inter_volatile.o
Bright_switch_flag                                ./obj/inter_volatile.o
Buf                                               ./obj/Main.o
BulkBufIn                                         ./obj/cdcuser.o
BulkBufOut                                        ./obj/cdcuser.o
BusFault_Handler                                  ./obj/startup_LPC17xx.o
Bytes                                             ./obj/cdcuser.o
CANActivity_IRQHandler                            ./obj/startup_LPC17xx.o
CAN_IRQHandler                                    ./obj/startup_LPC17xx.o
CDC_BulkIn                                        ./obj/cdcuser.o
                                                  ./obj/usbuser.o
CDC_BulkOut                                       ./obj/cdcuser.o
                                                  ./obj/usbuser.o
CDC_ClearCommFeature                              ./obj/cdcuser.o
                                                  ./obj/usbcore.o
CDC_DepInEmpty                                    ./obj/cdcuser.o
CDC_GetCommFeature                                ./obj/cdcuser.o
                                                  ./obj/usbcore.o
CDC_GetEncapsulatedResponse                       ./obj/cdcuser.o
                                                  ./obj/usbcore.o
CDC_GetLineCoding                                 ./obj/cdcuser.o
                                                  ./obj/usbcore.o
CDC_GetSerialState                                ./obj/cdcuser.o
                                                  ./obj/usbuser.o
CDC_Init                                          ./obj/cdcuser.o
CDC_LineCoding                                    ./obj/cdcuser.o
CDC_NotificationIn                                ./obj/cdcuser.o
                                                  ./obj/usbuser.o
CDC_OutBuf                                        ./obj/cdcuser.o
CDC_OutBufAvailChar                               ./obj/cdcuser.o
CDC_RdOutBuf                                      ./obj/cdcuser.o
CDC_SendBreak                                     ./obj/cdcuser.o
                                                  ./obj/usbcore.o
CDC_SendEncapsulatedCommand                       ./obj/cdcuser.o
                                                  ./obj/usbcore.o
CDC_SerialState                                   ./obj/cdcuser.o
CDC_SetCommFeature                                ./obj/cdcuser.o
                                                  ./obj/usbcore.o
CDC_SetControlLineState                           ./obj/cdcuser.o
                                                  ./obj/usbcore.o
CDC_SetLineCoding                                 ./obj/cdcuser.o
                                                  ./obj/usbcore.o
CDC_WrOutBuf                                      ./obj/cdcuser.o
CLKPWR_ConfigPPWR                                 ./obj/lpc17xx_clkpwr.o
                                                  ./obj/L1754adc.o
                                                  ./obj/lpc17xx_uart.o
                                                  ./obj/lpc17xx_mcpwm.o
                                                  ./obj/lpc17xx_adc.o
CLKPWR_DeepPowerDown                              ./obj/lpc17xx_clkpwr.o
CLKPWR_DeepSleep                                  ./obj/lpc17xx_clkpwr.o
CLKPWR_GetPCLK                                    ./obj/lpc17xx_clkpwr.o
                                                  ./obj/lpc17xx_uart.o
                                                  ./obj/lpc17xx_adc.o
CLKPWR_GetPCLKSEL                                 ./obj/lpc17xx_clkpwr.o
CLKPWR_PowerDown                                  ./obj/lpc17xx_clkpwr.o
CLKPWR_SetPCLKDiv                                 ./obj/lpc17xx_clkpwr.o
                                                  ./obj/lpc17xx_mcpwm.o
CLKPWR_Sleep                                      ./obj/lpc17xx_clkpwr.o
CMT_tbl                                           ./obj/BLDC.o
CRP_WORD                                          ./obj/crp.o
CommList                                          ./obj/Main.o
DIV_round_U32                                     ./obj/inter_volatile.o
DMA_IRQHandler                                    ./obj/startup_LPC17xx.o
D_M_A_5                                           ./obj/L1754adc.o
DebugMon_Handler                                  ./obj/startup_LPC17xx.o
Default_Handler                                   ./obj/startup_LPC17xx.o
Dot_flag                                          ./obj/inter_volatile.o
EINT0_IRQHandler                                  ./obj/startup_LPC17xx.o
EINT1_IRQHandler                                  ./obj/startup_LPC17xx.o
EINT2_IRQHandler                                  ./obj/startup_LPC17xx.o
EINT3_IRQHandler                                  ./obj/startup_LPC17xx.o
ENET_IRQHandler                                   ./obj/startup_LPC17xx.o
EP0Data                                           ./obj/usbcore.o
EPAdr                                             ./obj/usbhw.o
Errors                                            ./obj/Main.o
FIO_ByteClearValue                                ./obj/lpc17xx_gpio.o
FIO_ByteReadValue                                 ./obj/lpc17xx_gpio.o
FIO_ByteSetDir                                    ./obj/lpc17xx_gpio.o
FIO_ByteSetMask                                   ./obj/lpc17xx_gpio.o
FIO_ByteSetValue                                  ./obj/lpc17xx_gpio.o
FIO_ClearInt                                      ./obj/lpc17xx_gpio.o
FIO_ClearValue                                    ./obj/lpc17xx_gpio.o
FIO_GetIntStatus                                  ./obj/lpc17xx_gpio.o
FIO_HalfWordClearValue                            ./obj/lpc17xx_gpio.o
FIO_HalfWordReadValue                             ./obj/lpc17xx_gpio.o
FIO_HalfWordSetDir                                ./obj/lpc17xx_gpio.o
FIO_HalfWordSetMask                               ./obj/lpc17xx_gpio.o
FIO_HalfWordSetValue                              ./obj/lpc17xx_gpio.o
FIO_IntCmd                                        ./obj/lpc17xx_gpio.o
FIO_ReadValue                                     ./obj/lpc17xx_gpio.o
FIO_SetDir                                        ./obj/lpc17xx_gpio.o
FIO_SetMask                                       ./obj/lpc17xx_gpio.o
FIO_SetValue                                      ./obj/lpc17xx_gpio.o
Flash_flag                                        ./obj/inter_volatile.o
GPIO_ClearInt                                     ./obj/lpc17xx_gpio.o
GPIO_ClearValue                                   ./obj/lpc17xx_gpio.o
GPIO_GetIntStatus                                 ./obj/lpc17xx_gpio.o
GPIO_IntCmd                                       ./obj/lpc17xx_gpio.o
GPIO_ReadValue                                    ./obj/lpc17xx_gpio.o
GPIO_SetDir                                       ./obj/lpc17xx_gpio.o
GPIO_SetValue                                     ./obj/lpc17xx_gpio.o
G_sensor_send_buf                                 ./obj/inter_volatile.o
G_sensor_sends                                    ./obj/inter_volatile.o
G_sensor_work_buf                                 ./obj/inter_volatile.o
HardFault_Handler                                 ./obj/startup_LPC17xx.o
Histerezis_Bright                                 ./obj/inter_volatile.o
Histerezis_Input                                  ./obj/inter_volatile.o
I2C0_IRQHandler                                   ./obj/startup_LPC17xx.o
I2C1_IRQHandler                                   ./obj/startup_LPC17xx.o
I2C2_IRQHandler                                   ./obj/startup_LPC17xx.o
I2S_IRQHandler                                    ./obj/startup_LPC17xx.o
Input_adc_scaler                                  ./obj/inter_volatile.o
Input_adc_value_MAX                               ./obj/inter_volatile.o
Input_adc_value_past                              ./obj/inter_volatile.o
Input_adc_value_run                               ./obj/inter_volatile.o
Input_delta                                       ./obj/inter_volatile.o
Input_level_past                                  ./obj/inter_volatile.o
Input_level_run                                   ./obj/inter_volatile.o
Inters                                            ./obj/cdcuser.o
MCPWM_ACMode                                      ./obj/lpc17xx_mcpwm.o
                                                  ./obj/BLDC.o
MCPWM_ClearCapture                                ./obj/lpc17xx_mcpwm.o
MCPWM_ConfigCapture                               ./obj/lpc17xx_mcpwm.o
MCPWM_ConfigChannel                               ./obj/lpc17xx_mcpwm.o
                                                  ./obj/BLDC.o
MCPWM_CountConfig                                 ./obj/lpc17xx_mcpwm.o
MCPWM_DCMode                                      ./obj/lpc17xx_mcpwm.o
MCPWM_GetCapture                                  ./obj/lpc17xx_mcpwm.o
MCPWM_GetIntStatus                                ./obj/lpc17xx_mcpwm.o
MCPWM_IRQHandler                                  ./obj/startup_LPC17xx.o
MCPWM_Init                                        ./obj/lpc17xx_mcpwm.o
                                                  ./obj/BLDC.o
MCPWM_IntClear                                    ./obj/lpc17xx_mcpwm.o
MCPWM_IntConfig                                   ./obj/lpc17xx_mcpwm.o
                                                  ./obj/BLDC.o
MCPWM_IntSet                                      ./obj/lpc17xx_mcpwm.o
MCPWM_Start                                       ./obj/lpc17xx_mcpwm.o
                                                  ./obj/BLDC.o
MCPWM_Stop                                        ./obj/lpc17xx_mcpwm.o
MCPWM_WriteToShadow                               ./obj/lpc17xx_mcpwm.o
                                                  ./obj/BLDC.o
MemManage_Handler                                 ./obj/startup_LPC17xx.o
NMI_Handler                                       ./obj/startup_LPC17xx.o
NVIC_DeInit                                       ./obj/lpc17xx_nvic.o
NVIC_SCBDeInit                                    ./obj/lpc17xx_nvic.o
NVIC_SetVTOR                                      ./obj/lpc17xx_nvic.o
NotificationBuf                                   ./obj/cdcuser.o
PID_Motor                                         ./obj/BLDC.o
PID_calc_cntr                                     ./obj/PID.o
PINSEL_ConfigPin                                  ./obj/lpc17xx_pinsel.o
                                                  ./obj/L1754adc.o
                                                  ./obj/BLDC.o
                                                  ./obj/debug_frmwrk.o
PINSEL_ConfigTraceFunc                            ./obj/lpc17xx_pinsel.o
PINSEL_SetI2C0Pins                                ./obj/lpc17xx_pinsel.o
PLL0_IRQHandler                                   ./obj/startup_LPC17xx.o
PLL1_IRQHandler                                   ./obj/startup_LPC17xx.o
PWM1_IRQHandler                                   ./obj/startup_LPC17xx.o
Parse                                             ./obj/Main.o
PendSV_Handler                                    ./obj/startup_LPC17xx.o
Poll                                              ./obj/Main.o
QEI_IRQHandler                                    ./obj/startup_LPC17xx.o
QEI_POS_tbl                                       ./obj/BLDC.o
RE_write_cur_struct_flag                          ./obj/inter_volatile.o
RE_write_structs_flag                             ./obj/inter_volatile.o
RIT_IRQHandler                                    ./obj/startup_LPC17xx.o
RTC_IRQHandler                                    ./obj/startup_LPC17xx.o
RdCmdDat                                          ./obj/usbhw.o
SPI_IRQHandler                                    ./obj/startup_LPC17xx.o
SSP0_IRQHandler                                   ./obj/startup_LPC17xx.o
SSP1_IRQHandler                                   ./obj/startup_LPC17xx.o
ST_stamp                                          ./obj/lpc17xx_systick.o
ST_timer                                          ./obj/lpc17xx_systick.o
ST_timer2                                         ./obj/lpc17xx_systick.o
ST_tms                                            ./obj/lpc17xx_systick.o
SVC_Handler                                       ./obj/startup_LPC17xx.o
SYSTICK_ClearCounterFlag                          ./obj/lpc17xx_systick.o
SYSTICK_Cmd                                       ./obj/lpc17xx_systick.o
SYSTICK_ExternalInit                              ./obj/lpc17xx_systick.o
SYSTICK_GetCurrentValue                           ./obj/lpc17xx_systick.o
SYSTICK_IntCmd                                    ./obj/lpc17xx_systick.o
SYSTICK_InternalInit                              ./obj/lpc17xx_systick.o
SYSTICK_InternalMyInit                            ./obj/lpc17xx_systick.o
Save_work_struct_flag                             ./obj/inter_volatile.o
SetupPacket                                       ./obj/usbcore.o
SysTick_GetDelta                                  ./obj/lpc17xx_systick.o
SysTick_Handler                                   ./obj/startup_LPC17xx.o
SysTick_SetStamp                                  ./obj/lpc17xx_systick.o
SystemCoreClock                                   ./obj/system_LPC17xx.o
                                                  ./obj/serial.o
                                                  ./obj/lpc17xx_systick.o
                                                  ./obj/lpc17xx_clkpwr.o
SystemCoreClockUpdate                             ./obj/system_LPC17xx.o
SystemInit                                        ./obj/system_LPC17xx.o
                                                  ./obj/startup_LPC17xx.o
TIMER0_IRQHandler                                 ./obj/startup_LPC17xx.o
TIMER1_IRQHandler                                 ./obj/startup_LPC17xx.o
TIMER2_IRQHandler                                 ./obj/startup_LPC17xx.o
TIMER3_IRQHandler                                 ./obj/startup_LPC17xx.o
Termistor_Table                                   ./obj/t_table.o
UART0_IRQHandler                                  ./obj/Main.o
UART1_IRQHandler                                  ./obj/serial.o
UART2_IRQHandler                                  ./obj/startup_LPC17xx.o
UART3_IRQHandler                                  ./obj/startup_LPC17xx.o
UARTGetChar                                       ./obj/debug_frmwrk.o
                                                  ./obj/Main.o
UARTPutChar                                       ./obj/debug_frmwrk.o
UARTPutDec                                        ./obj/debug_frmwrk.o
UARTPutDec16                                      ./obj/debug_frmwrk.o
UARTPutDec32                                      ./obj/debug_frmwrk.o
UARTPutHex                                        ./obj/debug_frmwrk.o
UARTPutHex16                                      ./obj/debug_frmwrk.o
UARTPutHex32                                      ./obj/debug_frmwrk.o
UARTPuts                                          ./obj/debug_frmwrk.o
UARTPuts_                                         ./obj/debug_frmwrk.o
UART_ABClearIntPending                            ./obj/lpc17xx_uart.o
UART_ABCmd                                        ./obj/lpc17xx_uart.o
UART_CheckBusy                                    ./obj/lpc17xx_uart.o
UART_ConfigStructInit                             ./obj/lpc17xx_uart.o
                                                  ./obj/debug_frmwrk.o
UART_DeInit                                       ./obj/lpc17xx_uart.o
UART_FIFOConfig                                   ./obj/lpc17xx_uart.o
UART_FIFOConfigStructInit                         ./obj/lpc17xx_uart.o
UART_ForceBreak                                   ./obj/lpc17xx_uart.o
UART_GetIntId                                     ./obj/lpc17xx_uart.o
UART_GetLineStatus                                ./obj/lpc17xx_uart.o
UART_Init                                         ./obj/lpc17xx_uart.o
                                                  ./obj/debug_frmwrk.o
UART_IntConfig                                    ./obj/lpc17xx_uart.o
UART_Receive                                      ./obj/lpc17xx_uart.o
                                                  ./obj/debug_frmwrk.o
UART_ReceiveByte                                  ./obj/lpc17xx_uart.o
UART_Send                                         ./obj/lpc17xx_uart.o
                                                  ./obj/debug_frmwrk.o
UART_SendByte                                     ./obj/lpc17xx_uart.o
UART_TxCmd                                        ./obj/lpc17xx_uart.o
                                                  ./obj/debug_frmwrk.o
UART_processERROR                                 ./obj/UART_ProcessData.o
UART_processMessage                               ./obj/UART_ProcessData.o
USBActivity_IRQHandler                            ./obj/startup_LPC17xx.o
USB_AltSetting                                    ./obj/usbcore.o
USB_ClearEPBuf                                    ./obj/usbhw.o
USB_ClrStallEP                                    ./obj/usbhw.o
                                                  ./obj/usbcore.o
USB_ConfigDescriptor                              ./obj/usbdesc.o
                                                  ./obj/usbcore.o
USB_ConfigEP                                      ./obj/usbhw.o
                                                  ./obj/usbcore.o
USB_Configuration                                 ./obj/usbuser.o
                                                  ./obj/usbcore.o
USB_Configure                                     ./obj/usbhw.o
                                                  ./obj/usbcore.o
USB_Configure_Event                               ./obj/usbuser.o
                                                  ./obj/usbcore.o
USB_Connect                                       ./obj/usbhw.o
USB_DataInStage                                   ./obj/usbcore.o
USB_DataOutStage                                  ./obj/usbcore.o
USB_DeviceAddress                                 ./obj/usbcore.o
USB_DeviceDescriptor                              ./obj/usbdesc.o
                                                  ./obj/usbcore.o
USB_DeviceStatus                                  ./obj/usbhw.o
                                                  ./obj/usbcore.o
USB_DirCtrlEP                                     ./obj/usbhw.o
                                                  ./obj/usbcore.o
USB_DisableEP                                     ./obj/usbhw.o
                                                  ./obj/usbcore.o
USB_EnableEP                                      ./obj/usbhw.o
                                                  ./obj/usbcore.o
USB_EndPoint0                                     ./obj/usbcore.o
                                                  ./obj/usbuser.o
USB_EndPoint1                                     ./obj/usbuser.o
USB_EndPoint10                                    ./obj/usbuser.o
USB_EndPoint11                                    ./obj/usbuser.o
USB_EndPoint12                                    ./obj/usbuser.o
USB_EndPoint13                                    ./obj/usbuser.o
USB_EndPoint14                                    ./obj/usbuser.o
USB_EndPoint15                                    ./obj/usbuser.o
USB_EndPoint2                                     ./obj/usbuser.o
USB_EndPoint3                                     ./obj/usbuser.o
USB_EndPoint4                                     ./obj/usbuser.o
USB_EndPoint5                                     ./obj/usbuser.o
USB_EndPoint6                                     ./obj/usbuser.o
USB_EndPoint7                                     ./obj/usbuser.o
USB_EndPoint8                                     ./obj/usbuser.o
USB_EndPoint9                                     ./obj/usbuser.o
USB_EndPointHalt                                  ./obj/usbcore.o
USB_EndPointMask                                  ./obj/usbcore.o
USB_EndPointStall                                 ./obj/usbcore.o
USB_GetFrame                                      ./obj/usbhw.o
USB_IRQHandler                                    ./obj/usbhw.o
USB_Init                                          ./obj/usbhw.o
USB_NumInterfaces                                 ./obj/usbcore.o
USB_P_EP                                          ./obj/usbuser.o
                                                  ./obj/usbhw.o
USB_ReadEP                                        ./obj/usbhw.o
                                                  ./obj/usbcore.o
                                                  ./obj/cdcuser.o
USB_ReqSetClrFeature                              ./obj/usbcore.o
USB_ReqSetConfiguration                           ./obj/usbcore.o
USB_ReqSetInterface                               ./obj/usbcore.o
USB_Reset                                         ./obj/usbhw.o
USB_ResetCore                                     ./obj/usbcore.o
                                                  ./obj/usbuser.o
USB_ResetEP                                       ./obj/usbhw.o
                                                  ./obj/usbcore.o
USB_Reset_Event                                   ./obj/usbuser.o
                                                  ./obj/usbhw.o
USB_Resume                                        ./obj/usbhw.o
USB_SetAddress                                    ./obj/usbhw.o
                                                  ./obj/usbcore.o
USB_SetStallEP                                    ./obj/usbhw.o
                                                  ./obj/usbcore.o
USB_SetupStage                                    ./obj/usbcore.o
USB_StatusInStage                                 ./obj/usbcore.o
USB_StatusOutStage                                ./obj/usbcore.o
USB_StringDescriptor                              ./obj/usbdesc.o
                                                  ./obj/usbcore.o
USB_Suspend                                       ./obj/usbhw.o
USB_WakeUp                                        ./obj/usbhw.o
USB_WakeUpCfg                                     ./obj/usbhw.o
                                                  ./obj/usbcore.o
USB_WriteEP                                       ./obj/usbhw.o
                                                  ./obj/usbcore.o
                                                  ./obj/cdcuser.o
UsageFault_Handler                                ./obj/startup_LPC17xx.o
WDT_IRQHandler                                    ./obj/startup_LPC17xx.o
WrCmd                                             ./obj/usbhw.o
WrCmdDat                                          ./obj/usbhw.o
WrCmdEP                                           ./obj/usbhw.o
_Balloc                                           d:/gnu/4_8/bin/../lib/gcc/arm-none-eabi/4.8.3/../../../../arm-none-eabi/lib/armv7-m\libc.a(lib_a-mprec.o)
                                                  d:/gnu/4_8/bin/../lib/gcc/arm-none-eabi/4.8.3/../../../../arm-none-eabi/lib/armv7-m\libc.a(lib_a-gdtoa-gethex.o)
                                                  d:/gnu/4_8/bin/../lib/gcc/arm-none-eabi/4.8.3/../../../../arm-none-eabi/lib/armv7-m\libc.a(lib_a-strtod.o)
_Bfree                                            d:/gnu/4_8/bin/../lib/gcc/arm-none-eabi/4.8.3/../../../../arm-none-eabi/lib/armv7-m\libc.a(lib_a-mprec.o)
                                                  d:/gnu/4_8/bin/../lib/gcc/arm-none-eabi/4.8.3/../../../../arm-none-eabi/lib/armv7-m\libc.a(lib_a-gdtoa-gethex.o)
                                                  d:/gnu/4_8/bin/../lib/gcc/arm-none-eabi/4.8.3/../../../../arm-none-eabi/lib/armv7-m\libc.a(lib_a-strtod.o)
_PathLocale                                       d:/gnu/4_8/bin/../lib/gcc/arm-none-eabi/4.8.3/../../../../arm-none-eabi/lib/armv7-m\libc.a(lib_a-locale.o)
__adddf3                                          d:/gnu/4_8/bin/../lib/gcc/arm-none-eabi/4.8.3/armv7-m\libgcc.a(_arm_addsubdf3.o)
__addsf3                                          d:/gnu/4_8/bin/../lib/gcc/arm-none-eabi/4.8.3/armv7-m\libgcc.a(_arm_addsubsf3.o)
__aeabi_cdcmpeq                                   d:/gnu/4_8/bin/../lib/gcc/arm-none-eabi/4.8.3/armv7-m\libgcc.a(_arm_cmpdf2.o)
__aeabi_cdcmple                                   d:/gnu/4_8/bin/../lib/gcc/arm-none-eabi/4.8.3/armv7-m\libgcc.a(_arm_cmpdf2.o)
__aeabi_cdrcmple                                  d:/gnu/4_8/bin/../lib/gcc/arm-none-eabi/4.8.3/armv7-m\libgcc.a(_arm_cmpdf2.o)
__aeabi_cfcmpeq                                   d:/gnu/4_8/bin/../lib/gcc/arm-none-eabi/4.8.3/armv7-m\libgcc.a(_arm_cmpsf2.o)
__aeabi_cfcmple                                   d:/gnu/4_8/bin/../lib/gcc/arm-none-eabi/4.8.3/armv7-m\libgcc.a(_arm_cmpsf2.o)
__aeabi_cfrcmple                                  d:/gnu/4_8/bin/../lib/gcc/arm-none-eabi/4.8.3/armv7-m\libgcc.a(_arm_cmpsf2.o)
__aeabi_d2f                                       d:/gnu/4_8/bin/../lib/gcc/arm-none-eabi/4.8.3/armv7-m\libgcc.a(_arm_truncdfsf2.o)
                                                  d:/gnu/4_8/bin/../lib/gcc/arm-none-eabi/4.8.3/../../../../arm-none-eabi/lib/armv7-m\libc.a(lib_a-strtod.o)
__aeabi_d2iz                                      d:/gnu/4_8/bin/../lib/gcc/arm-none-eabi/4.8.3/armv7-m\libgcc.a(_arm_fixdfsi.o)
                                                  d:/gnu/4_8/bin/../lib/gcc/arm-none-eabi/4.8.3/../../../../arm-none-eabi/lib/armv7-m\libc.a(lib_a-strtod.o)
                                                  ./obj/BLDC.o
__aeabi_d2uiz                                     d:/gnu/4_8/bin/../lib/gcc/arm-none-eabi/4.8.3/armv7-m\libgcc.a(_arm_fixunsdfsi.o)
                                                  d:/gnu/4_8/bin/../lib/gcc/arm-none-eabi/4.8.3/../../../../arm-none-eabi/lib/armv7-m\libc.a(lib_a-strtod.o)
__aeabi_dadd                                      d:/gnu/4_8/bin/../lib/gcc/arm-none-eabi/4.8.3/armv7-m\libgcc.a(_arm_addsubdf3.o)
                                                  d:/gnu/4_8/bin/../lib/gcc/arm-none-eabi/4.8.3/../../../../arm-none-eabi/lib/armv7-m\libc.a(lib_a-strtod.o)